Command: /home/toan/.espressif/python_env/idf5.5_py3.10_env/bin/python /home/toan/dev/tools/esp/esp-idf/tools/idf_monitor.py -p /dev/ttyUSB0 -b 115200 --toolchain-prefix xtensa-esp32-elf- --target esp32 --revision 0 /home/toan/dev/workspaces/esp/esp32_KDI/build/esp32_KDI.elf /home/toan/dev/workspaces/esp/esp32_KDI/build/bootloader/bootloader.elf -m '/home/toan/.espressif/python_env/idf5.5_py3.10_env/bin/python' '/home/toan/dev/tools/esp/esp-idf/tools/idf.py'
x}����ets Jul 29 2019 12:21:46

rst:0x1 (POWERON_RESET),boot:0x13 (SPI_FAST_FLASH_BOOT)
configsip: 0, SPIWP:0xee
clk_drv:0x00,q_drv:0x00,d_drv:0x00,cs0_drv:0x00,hd_drv:0x00,wp_drv:0x00
mode:DIO, clock div:2
load:0x3fff0030,len:6280
load:0x40078000,len:15864
load:0x40080400,len:3920
entry 0x40080644
[0;32mI (27) boot: ESP-IDF v5.5.3 2nd stage bootloader[0m
[0;32mI (27) boot: compile time May 21 2026 16:01:36[0m
[0;32mI (28) boot: Multicore bootloader[0m
[0;32mI (29) boot: chip revision: v3.1[0m
[0;32mI (32) boot.esp32: SPI Speed      : 40MHz[0m
[0;32mI (35) boot.esp32: SPI Mode       : DIO[0m
[0;32mI (39) boot.esp32: SPI Flash Size : 4MB[0m
[0;32mI (42) boot: Enabling RNG early entropy source...[0m
[0;32mI (47) boot: Partition Table:[0m
[0;32mI (49) boot: ## Label            Usage          Type ST Offset   Length[0m
[0;32mI (56) boot:  0 nvs              WiFi data        01 02 00009000 00006000[0m
[0;32mI (62) boot:  1 phy_init         RF data          01 01 0000f000 00001000[0m
[0;32mI (69) boot:  2 factory          factory app      00 00 00010000 00100000[0m
[0;32mI (75) boot: End of partition table[0m
[0;32mI (79) esp_image: segment 0: paddr=00010020 vaddr=3f400020 size=09e80h ( 40576) map[0m
[0;32mI (100) esp_image: segment 1: paddr=00019ea8 vaddr=3ffb0000 size=0275ch ( 10076) load[0m
[0;32mI (104) esp_image: segment 2: paddr=0001c60c vaddr=40080000 size=03a0ch ( 14860) load[0m
[0;32mI (110) esp_image: segment 3: paddr=00020020 vaddr=400d0020 size=16ab4h ( 92852) map[0m
[0;32mI (143) esp_image: segment 4: paddr=00036adc vaddr=40083a0c size=0a694h ( 42644) load[0m
[0;32mI (160) esp_image: segment 5: paddr=00041178 vaddr=50000000 size=00020h (    32) load[0m
[0;32mI (167) boot: Loaded app from partition at offset 0x10000[0m
[0;32mI (167) boot: Disabling RNG early entropy source...[0m
[0;32mI (178) cpu_start: Multicore app[0m
[0;32mI (186) cpu_start: GPIO 3 and 1 are used as console UART I/O pins[0m
[0;32mI (187) cpu_start: Pro cpu start user code[0m
[0;32mI (187) cpu_start: cpu freq: 160000000 Hz[0m
[0;32mI (189) app_init: Application information:[0m
[0;32mI (192) app_init: Project name:     esp32_KDI[0m
[0;32mI (196) app_init: App version:      429a8c2-dirty[0m
[0;32mI (201) app_init: Compile time:     May 21 2026 16:01:33[0m
[0;32mI (206) app_init: ELF file SHA256:  80f2da00f...[0m
[0;32mI (210) app_init: ESP-IDF:          v5.5.3[0m
[0;32mI (214) efuse_init: Min chip rev:     v0.0[0m
[0;32mI (218) efuse_init: Max chip rev:     v3.99 [0m
[0;32mI (222) efuse_init: Chip rev:         v3.1[0m
[0;32mI (226) heap_init: Initializing. RAM available for dynamic allocation:[0m
[0;32mI (232) heap_init: At 3FFAE6E0 len 00001920 (6 KiB): DRAM[0m
[0;32mI (237) heap_init: At 3FFB32C8 len 0002CD38 (179 KiB): DRAM[0m
[0;32mI (242) heap_init: At 3FFE0440 len 00003AE0 (14 KiB): D/IRAM[0m
[0;32mI (248) heap_init: At 3FFE4350 len 0001BCB0 (111 KiB): D/IRAM[0m
[0;32mI (253) heap_init: At 4008E0A0 len 00011F60 (71 KiB): IRAM[0m
[0;32mI (259) spi_flash: detected chip: generic[0m
[0;32mI (262) spi_flash: flash io: dio[0m
[0;32mI (266) main_task: Started on CPU0[0m
[0;32mI (276) main_task: Calling app_main()[0m
[0;32mI (276) MAIN: === CF-Drone ESP-IDF ===[0m
[0;32mI (276) MAIN: Initializing...[0m
[0;32mI (276) MOTORS: Initializing motors...[0m
[0;32mI (276) MOTORS:   Motor0 pin=GPIO12: OK[0m
[0;32mI (276) MOTORS:   Motor1 pin=GPIO13: OK[0m
[0;32mI (286) MOTORS:   Motor2 pin=GPIO15: OK[0m
[0;32mI (286) MOTORS:   Motor3 pin=GPIO14: OK[0m
[0;32mI (286) MOTORS: Motors initialized. PWM=25000Hz, bits=10[0m
[0;32mI (296) BATTERY: Battery ADC initialized on channel 0[0m
[0;33mW (296) IMU: IMU is STUB - no physical sensor connected.[0m
[0;33mW (306) IMU: Replace imu.c with your actual IMU driver.[0m
[1;31mE (316) uart: uart_driver_install(1939): uart rx buffer length error[0m
ESP_ERROR_CHECK failed: esp_err_t 0xffffffff (ESP_FAIL) at 0x400d7120
file: "./components/rc_sbus/rc_sbus.c" line 98
func: rc_sbus_init
expression: uart_driver_install(BOARD_RC_UART_NUM, SBUS_FRAME_LEN * 4, 0, 0, NULL, 0)

abort() was called at PC 0x40086013 on core 0


Backtrace: 0x400860b9:0x3ffb4460 0x40086081:0x3ffb4480 0x4008c2fd:0x3ffb44a0 0x40086013:0x3ffb4510 0x400d7120:0x3ffb4540 0x400d481f:0x3ffb4590 0x400e6181:0x3ffb45c0 0x40086c21:0x3ffb45f0




ELF file SHA256: 80f2da00f

Rebooting...
ets Jul 29 2019 12:21:46

rst:0xc (SW_CPU_RESET),boot:0x13 (SPI_FAST_FLASH_BOOT)
configsip: 0, SPIWP:0xee
clk_drv:0x00,q_drv:0x00,d_drv:0x00,cs0_drv:0x00,hd_drv:0x00,wp_drv:0x00
mode:DIO, clock div:2
load:0x3fff0030,len:6280
load:0x40078000,len:15864
load:0x40080400,len:3920
entry 0x40080644
[0;32mI (27) boot: ESP-IDF v5.5.3 2nd stage bootloader[0m
[0;32mI (27) boot: compile time May 21 2026 16:01:36[0m
[0;32mI (27) boot: Multicore bootloader[0m
[0;32mI (29) boot: chip revision: v3.1[0m
[0;32mI (31) boot.esp32: SPI Speed      : 40MHz[0m
[0;32mI (35) boot.esp32: SPI Mode       : DIO[0m
[0;32mI (39) boot.esp32: SPI Flash Size : 4MB[0m
[0;32mI (42) boot: Enabling RNG early entropy source...[0m
[0;32mI (47) boot: Partition Table:[0m
[0;32mI (49) boot: ## Label            Usage          Type ST Offset   Length[0m
[0;32mI (56) boot:  0 nvs              WiFi data        01 02 00009000 00006000[0m
[0;32mI (62) boot:  1 phy_init         RF data          01 01 0000f000 00001000[0m
[0;32mI (69) boot:  2 factory          factory app      00 00 00010000 00100000[0m
[0;32mI (75) boot: End of partition table[0m
[0;32mI (79) esp_image: segment 0: paddr=00010020 vaddr=3f400020 size=09e80h ( 40576) map[0m
[0;32mI (100) esp_image: segment 1: paddr=00019ea8 vaddr=3ffb0000 size=0275ch ( 10076) load[0m
[0;32mI (104) esp_image: segment 2: paddr=0001c60c vaddr=40080000 size=03a0ch ( 14860) load[0m
[0;32mI (110) esp_image: segment 3: paddr=00020020 vaddr=400d0020 size=16ab4h ( 92852) map[0m
[0;32mI (143) esp_image: segment 4: paddr=00036adc vaddr=40083a0c size=0a694h ( 42644) load[0m
[0;32mI (160) esp_image: segment 5: paddr=00041178 vaddr=50000000 size=00020h (    32) load[0m
[0;32mI (167) boot: Loaded app from partition at offset 0x10000[0m
[0;32mI (167) boot: Disabling RNG early entropy source...[0m
[0;32mI (178) cpu_start: Multicore app[0m
[0;32mI (186) cpu_start: GPIO 3 and 1 are used as console UART I/O pins[0m
[0;32mI (187) cpu_start: Pro cpu start user code[0m
[0;32mI (187) cpu_start: cpu freq: 160000000 Hz[0m
[0;32mI (188) app_init: Application information:[0m
[0;32mI (192) app_init: Project name:     esp32_KDI[0m
[0;32mI (196) app_init: App version:      429a8c2-dirty[0m
[0;32mI (201) app_init: Compile time:     May 21 2026 16:01:33[0m
[0;32mI (206) app_init: ELF file SHA256:  80f2da00f...[0m
[0;32mI (210) app_init: ESP-IDF:          v5.5.3[0m
[0;32mI (214) efuse_init: Min chip rev:     v0.0[0m
[0;32mI (218) efuse_init: Max chip rev:     v3.99 [0m
[0;32mI (222) efuse_init: Chip rev:         v3.1[0m
[0;32mI (226) heap_init: Initializing. RAM available for dynamic allocation:[0m
[0;32mI (232) heap_init: At 3FFAE6E0 len 00001920 (6 KiB): DRAM[0m
[0;32mI (237) heap_init: At 3FFB32C8 len 0002CD38 (179 KiB): DRAM[0m
[0;32mI (242) heap_init: At 3FFE0440 len 00003AE0 (14 KiB): D/IRAM[0m
[0;32mI (248) heap_init: At 3FFE4350 len 0001BCB0 (111 KiB): D/IRAM[0m
[0;32mI (253) heap_init: At 4008E0A0 len 00011F60 (71 KiB): IRAM[0m
[0;32mI (259) spi_flash: detected chip: generic[0m
[0;32mI (262) spi_flash: flash io: dio[0m
[0;32mI (266) main_task: Started on CPU0[0m
[0;32mI (276) main_task: Calling app_main()[0m
[0;32mI (276) MAIN: === CF-Drone ESP-IDF ===[0m
[0;32mI (276) MAIN: Initializing...[0m
[0;32mI (276) MOTORS: Initializing motors...[0m
[0;32mI (276) MOTORS:   Motor0 pin=GPIO12: OK[0m
[0;32mI (276) MOTORS:   Motor1 pin=GPIO13: OK[0m
[0;32mI (286) MOTORS:   Motor2 pin=GPIO15: OK[0m
[0;32mI (286) MOTORS:   Motor3 pin=GPIO14: OK[0m
[0;32mI (286) MOTORS: Motors initialized. PWM=25000Hz, bits=10[0m
[0;32mI (296) BATTERY: Battery ADC initialized on channel 0[0m
[0;33mW (296) IMU: IMU is STUB - no physical sensor connected.[0m
[0;33mW (306) IMU: Replace imu.c with your actual IMU driver.[0m
[1;31mE (316) uart: uart_driver_install(1939): uart rx buffer length error[0m
ESP_ERROR_CHECK failed: esp_err_t 0xffffffff (ESP_FAIL) at 0x400d7120
file: "./components/rc_sbus/rc_sbus.c" line 98
func: rc_sbus_init
expression: uart_driver_install(BOARD_RC_UART_NUM, SBUS_FRAME_LEN * 4, 0, 0, NULL, 0)

abort() was called at PC 0x40086013 on core 0


Backtrace: 0x400860b9:0x3ffb4460 0x40086081:0x3ffb4480 0x4008c2fd:0x3ffb44a0 0x40086013:0x3ffb4510 0x400d7120:0x3ffb4540 0x400d481f:0x3ffb4590 0x400e6181:0x3ffb45c0 0x40086c21:0x3ffb45f0




ELF file SHA256: 80f2da00f

Rebooting...
ets Jul 29 2019 12:21:46

rst:0xc (SW_CPU_RESET),boot:0x13 (SPI_FAST_FLASH_BOOT)
configsip: 0, SPIWP:0xee
clk_drv:0x00,q_drv:0x00,d_drv:0x00,cs0_drv:0x00,hd_drv:0x00,wp_drv:0x00
mode:DIO, clock div:2
load:0x3fff0030,len:6280
load:0x40078000,len:15864
load:0x40080400,len:3920
entry 0x40080644
[0;32mI (27) boot: ESP-IDF v5.5.3 2nd stage bootloader[0m
[0;32mI (27) boot: compile time May 21 2026 16:01:36[0m
[0;32mI (27) boot: Multicore bootloader[0m
[0;32mI (29) boot: chip revision: v3.1[0m
[0;32mI (31) boot.esp32: SPI Speed      : 40MHz[0m
[0;32mI (35) boot.esp32: SPI Mode       : DIO[0m
[0;32mI (39) boot.esp32: SPI Flash Size : 4MB[0m
[0;32mI (42) boot: Enabling RNG early entropy source...[0m
[0;32mI (47) boot: Partition Table:[0m
[0;32mI (49) boot: ## Label            Usage          Type ST Offset   Length[0m
[0;32mI (56) boot:  0 nvs              WiFi data        01 02 00009000 00006000[0m
[0;32mI (62) boot:  1 phy_init         RF data          01 01 0000f000 00001000[0m
[0;32mI (69) boot:  2 factory          factory app      00 00 00010000 00100000[0m
[0;32mI (75) boot: End of partition table[0m
[0;32mI (79) esp_image: segment 0: paddr=00010020 vaddr=3f400020 size=09e80h ( 40576) map[0m
[0;32mI (100) esp_image: segment 1: paddr=00019ea8 vaddr=3ffb0000 size=0275ch ( 10076) load[0m
[0;32mI (104) esp_image: segment 2: paddr=0001c60c vaddr=40080000 size=03a0ch ( 14860) load[0m
[0;32mI (110) esp_image: segment 3: paddr=00020020 vaddr=400d0020 size=16ab4h ( 92852) map[0m
[0;32mI (143) esp_image: segment 4: paddr=00036adc vaddr=40083a0c size=0a694h ( 42644) load[0m
[0;32mI (160) esp_image: segment 5: paddr=00041178 vaddr=50000000 size=00020h (    32) load[0m
[0;32mI (167) boot: Loaded app from partition at offset 0x10000[0m
[0;32mI (167) boot: Disabling RNG early entropy source...[0m
[0;32mI (178) cpu_start: Multicore app[0m
[0;32mI (186) cpu_start: GPIO 3 and 1 are used as console UART I/O pins[0m
[0;32mI (187) cpu_start: Pro cpu start user code[0m
[0;32mI (187) cpu_start: cpu freq: 160000000 Hz[0m
[0;32mI (188) app_init: Application information:[0m
[0;32mI (192) app_init: Project name:     esp32_KDI[0m
[0;32mI (196) app_init: App version:      429a8c2-dirty[0m
[0;32mI (201) app_init: Compile time:     May 21 2026 16:01:33[0m
[0;32mI (206) app_init: ELF file SHA256:  80f2da00f...[0m
[0;32mI (210) app_init: ESP-IDF:          v5.5.3[0m
[0;32mI (214) efuse_init: Min chip rev:     v0.0[0m
[0;32mI (218) efuse_init: Max chip rev:     v3.99 [0m
[0;32mI (222) efuse_init: Chip rev:         v3.1[0m
[0;32mI (226) heap_init: Initializing. RAM available for dynamic allocation:[0m
[0;32mI (232) heap_init: At 3FFAE6E0 len 00001920 (6 KiB): DRAM[0m
[0;32mI (237) heap_init: At 3FFB32C8 len 0002CD38 (179 KiB): DRAM[0m
[0;32mI (242) heap_init: At 3FFE0440 len 00003AE0 (14 KiB): D/IRAM[0m
[0;32mI (248) heap_init: At 3FFE4350 len 0001BCB0 (111 KiB): D/IRAM[0m
[0;32mI (253) heap_init: At 4008E0A0 len 00011F60 (71 KiB): IRAM[0m
[0;32mI (259) spi_flash: detected chip: generic[0m
[0;32mI (262) spi_flash: flash io: dio[0m
[0;32mI (266) main_task: Started on CPU0[0m
[0;32mI (276) main_task: Calling app_main()[0m
[0;32mI (276) MAIN: === CF-Drone ESP-IDF ===[0m
[0;32mI (276) MAIN: Initializing...[0m
[0;32mI (276) MOTORS: Initializing motors...[0m
[0;32mI (276) MOTORS:   Motor0 pin=GPIO12: OK[0m
[0;32mI (276) MOTORS:   Motor1 pin=GPIO13: OK[0m
[0;32mI (286) MOTORS:   Motor2 pin=GPIO15: OK[0m
[0;32mI (286) MOTORS:   Motor3 pin=GPIO14: OK[0m
[0;32mI (286) MOTORS: Motors initialized. PWM=25000Hz, bits=10[0m
[0;32mI (296) BATTERY: Battery ADC initialized on channel 0[0m
[0;33mW (296) IMU: IMU is STUB - no physical sensor connected.[0m
[0;33mW (306) IMU: Replace imu.c with your actual IMU driver.[0m
[1;31mE (316) uart: uart_driver_install(1939): uart rx buffer length error[0m
ESP_ERROR_CHECK failed: esp_err_t 0xffffffff (ESP_FAIL) at 0x400d7120
file: "./components/rc_sbus/rc_sbus.c" line 98
func: rc_sbus_init
expression: uart_driver_install(BOARD_RC_UART_NUM, SBUS_FRAME_LEN * 4, 0, 0, NULL, 0)

abort() was called at PC 0x40086013 on core 0


Backtrace: 0x400860b9:0x3ffb4460 0x40086081:0x3ffb4480 0x4008c2fd:0x3ffb44a0 0x40086013:0x3ffb4510 0x400d7120:0x3ffb4540 0x400d481f:0x3ffb4590 0x400e6181:0x3ffb45c0 0x40086c21:0x3ffb45f0




ELF file SHA256: 80f2da00f

Rebooting...
ets Jul 29 2019 12:21:46

rst:0xc (SW_CPU_RESET),boot:0x13 (SPI_FAST_FLASH_BOOT)
configsip: 0, SPIWP:0xee
clk_drv:0x00,q_drv:0x00,d_drv:0x00,cs0_drv:0x00,hd_drv:0x00,wp_drv:0x00
mode:DIO, clock div:2
load:0x3fff0030,len:6280
load:0x40078000,len:15864
load:0x40080400,len:3920
entry 0x40080644
[0;32mI (27) boot: ESP-IDF v5.5.3 2nd stage bootloader[0m
[0;32mI (27) boot: compile time May 21 2026 16:01:36[0m
[0;32mI (27) boot: Multicore bootloader[0m
[0;32mI (29) boot: chip revision: v3.1[0m
[0;32mI (31) boot.esp32: SPI Speed      : 40MHz[0m
[0;32mI (35) boot.esp32: SPI Mode       : DIO[0m
[0;32mI (39) boot.esp32: SPI Flash Size : 4MB[0m
[0;32mI (42) boot: Enabling RNG early entropy source...[0m
[0;32mI (47) boot: Partition Table:[0m
[0;32mI (49) boot: ## Label            Usage          Type ST Offset   Length[0m
[0;32mI (56) boot:  0 nvs              WiFi data        01 02 00009000 00006000[0m
[0;32mI (62) boot:  1 phy_init         RF data          01 01 0000f000 00001000[0m
[0;32mI (69) boot:  2 factory          factory app      00 00 00010000 00100000[0m
[0;32mI (75) boot: End of partition table[0m
[0;32mI (79) esp_image: segment 0: paddr=00010020 vaddr=3f400020 size=09e80h ( 40576) map[0m
[0;32mI (100) esp_image: segment 1: paddr=00019ea8 vaddr=3ffb0000 size=0275ch ( 10076) load[0m
[0;32mI (104) esp_image: segment 2: paddr=0001c60c vaddr=40080000 size=03a0ch ( 14860) load[0m
[0;32mI (110) esp_image: segment 3: paddr=00020020 vaddr=400d0020 size=16ab4h ( 92852) map[0m
[0;32mI (143) esp_image: segment 4: paddr=00036adc vaddr=40083a0c size=0a694h ( 42644) load[0m
[0;32mI (160) esp_image: segment 5: paddr=00041178 vaddr=50000000 size=00020h (    32) load[0m
[0;32mI (167) boot: Loaded app from partition at offset 0x10000[0m
[0;32mI (167) boot: Disabling RNG early entropy source...[0m
[0;32mI (178) cpu_start: Multicore app[0m
[0;32mI (186) cpu_start: GPIO 3 and 1 are used as console UART I/O pins[0m
[0;32mI (187) cpu_start: Pro cpu start user code[0m
[0;32mI (187) cpu_start: cpu freq: 160000000 Hz[0m
[0;32mI (188) app_init: Application information:[0m
[0;32mI (192) app_init: Project name:     esp32_KDI[0m
[0;32mI (196) app_init: App version:      429a8c2-dirty[0m
[0;32mI (201) app_init: Compile time:     May 21 2026 16:01:33[0m
[0;32mI (206) app_init: ELF file SHA256:  80f2da00f...[0m
[0;32mI (210) app_init: ESP-IDF:          v5.5.3[0m
[0;32mI (214) efuse_init: Min chip rev:     v0.0[0m
[0;32mI (218) efuse_init: Max chip rev:     v3.99 [0m
[0;32mI (222) efuse_init: Chip rev:         v3.1[0m
[0;32mI (226) heap_init: Initializing. RAM available for dynamic allocation:[0m
[0;32mI (232) heap_init: At 3FFAE6E0 len 00001920 (6 KiB): DRAM[0m
[0;32mI (237) heap_init: At 3FFB32C8 len 0002CD38 (179 KiB): DRAM[0m
[0;32mI (242) heap_init: At 3FFE0440 len 00003AE0 (14 KiB): D/IRAM[0m
[0;32mI (248) heap_init: At 3FFE4350 len 0001BCB0 (111 KiB): D/IRAM[0m
[0;32mI (253) heap_init: At 4008E0A0 len 00011F60 (71 KiB): IRAM[0m
[0;32mI (259) spi_flash: detected chip: generic[0m
[0;32mI (262) spi_flash: flash io: dio[0m
[0;32mI (266) main_task: Started on CPU0[0m
[0;32mI (276) main_task: Calling app_main()[0m
[0;32mI (276) MAIN: === CF-Drone ESP-IDF ===[0m
[0;32mI (276) MAIN: Initializing...[0m
[0;32mI (276) MOTORS: Initializing motors...[0m
[0;32mI (276) MOTORS:   Motor0 pin=GPIO12: OK[0m
[0;32mI (276) MOTORS:   Motor1 pin=GPIO13: OK[0m
[0;32mI (286) MOTORS:   Motor2 pin=GPIO15: OK[0m
[0;32mI (286) MOTORS:   Motor3 pin=GPIO14: OK[0m
[0;32mI (286) MOTORS: Motors initialized. PWM=25000Hz, bits=10[0m
[0;32mI (296) BATTERY: Battery ADC initialized on channel 0[0m
[0;33mW (296) IMU: IMU is STUB - no physical sensor connected.[0m
[0;33mW (306) IMU: Replace imu.c with your actual IMU driver.[0m
[1;31mE (316) uart: uart_driver_install(1939): uart rx buffer length error[0m
ESP_ERROR_CHECK failed: esp_err_t 0xffffffff (ESP_FAIL) at 0x400d7120
file: "./components/rc_sbus/rc_sbus.c" line 98
func: rc_sbus_init
expression: uart_driver_install(BOARD_RC_UART_NUM, SBUS_FRAME_LEN * 4, 0, 0, NULL, 0)

abort() was called at PC 0x40086013 on core 0


Backtrace: 0x400860b9:0x3ffb4460 0x40086081:0x3ffb4480 0x4008c2fd:0x3ffb44a0 0x40086013:0x3ffb4510 0x400d7120:0x3ffb4540 0x400d481f:0x3ffb4590 0x400e6181:0x3ffb45c0 0x40086c21:0x3ffb45f0




ELF file SHA256: 80f2da00f

Rebooting...
ets Jul 29 2019 12:21:46

rst:0xc (SW_CPU_RESET),boot:0x13 (SPI_FAST_FLASH_BOOT)
configsip: 0, SPIWP:0xee
clk_drv:0x00,q_drv:0x00,d_drv:0x00,cs0_drv:0x00,hd_drv:0x00,wp_drv:0x00
mode:DIO, clock div:2
load:0x3fff0030,len:6280
load:0x40078000,len:15864
load:0x40080400,len:3920
entry 0x40080644
[0;32mI (27) boot: ESP-IDF v5.5.3 2nd stage bootloader[0m
[0;32mI (27) boot: compile time May 21 2026 16:01:36[0m
[0;32mI (27) boot: Multicore bootloader[0m
[0;32mI (29) boot: chip revision: v3.1[0m
[0;32mI (31) boot.esp32: SPI Speed      : 40MHz[0m
[0;32mI (35) boot.esp32: SPI Mode       : DIO[0m
[0;32mI (39) boot.esp32: SPI Flash Size : 4MB[0m
[0;32mI (42) boot: Enabling RNG early entropy source...[0m
[0;32mI (47) boot: Partition Table:[0m
[0;32mI (49) boot: ## Label            Usage          Type ST Offset   Length[0m
[0;32mI (56) boot:  0 nvs              WiFi data        01 02 00009000 00006000[0m
[0;32mI (62) boot:  1 phy_init         RF data          01 01 0000f000 00001000[0m
[0;32mI (69) boot:  2 factory          factory app      00 00 00010000 00100000[0m
[0;32mI (75) boot: End of partition table[0m
[0;32mI (79) esp_image: segment 0: paddr=00010020 vaddr=3f400020 size=09e80h ( 40576) map[0m
[0;32mI (100) esp_image: segment 1: paddr=00019ea8 vaddr=3ffb0000 size=0275ch ( 10076) load[0m
[0;32mI (104) esp_image: segment 2: paddr=0001c60c vaddr=40080000 size=03a0ch ( 14860) load[0m
[0;32mI (110) esp_image: segment 3: paddr=00020020 vaddr=400d0020 size=16ab4h ( 92852) map[0m
[0;32mI (143) esp_image: segment 4: paddr=00036adc vaddr=40083a0c size=0a694h ( 42644) load[0m
[0;32mI (160) esp_image: segment 5: paddr=00041178 vaddr=50000000 size=00020h (    32) load[0m
[0;32mI (167) boot: Loaded app from partition at offset 0x10000[0m
[0;32mI (167) boot: Disabling RNG early entropy source...[0m
[0;32mI (178) cpu_start: Multicore app[0m
[0;32mI (186) cpu_start: GPIO 3 and 1 are used as console UART I/O pins[0m
[0;32mI (187) cpu_start: Pro cpu start user code[0m
[0;32mI (187) cpu_start: cpu freq: 160000000 Hz[0m
[0;32mI (188) app_init: Application information:[0m
[0;32mI (192) app_init: Project name:     esp32_KDI[0m
[0;32mI (196) app_init: App version:      429a8c2-dirty[0m
[0;32mI (201) app_init: Compile time:     May 21 2026 16:01:33[0m
[0;32mI (206) app_init: ELF file SHA256:  80f2da00f...[0m
[0;32mI (210) app_init: ESP-IDF:          v5.5.3[0m
[0;32mI (214) efuse_init: Min chip rev:     v0.0[0m
[0;32mI (218) efuse_init: Max chip rev:     v3.99 [0m
[0;32mI (222) efuse_init: Chip rev:         v3.1[0m
[0;32mI (226) heap_init: Initializing. RAM available for dynamic allocation:[0m
[0;32mI (232) heap_init: At 3FFAE6E0 len 00001920 (6 KiB): DRAM[0m
[0;32mI (237) heap_init: At 3FFB32C8 len 0002CD38 (179 KiB): DRAM[0m
[0;32mI (242) heap_init: At 3FFE0440 len 00003AE0 (14 KiB): D/IRAM[0m
[0;32mI (248) heap_init: At 3FFE4350 len 0001BCB0 (111 KiB): D/IRAM[0m
[0;32mI (253) heap_init: At 4008E0A0 len 00011F60 (71 KiB): IRAM[0m
[0;32mI (259) spi_flash: detected chip: generic[0m
[0;32mI (262) spi_flash: flash io: dio[0m
[0;32mI (266) main_task: Started on CPU0[0m
[0;32mI (276) main_task: Calling app_main()[0m
[0;32mI (276) MAIN: === CF-Drone ESP-IDF ===[0m
[0;32mI (276) MAIN: Initializing...[0m
[0;32mI (276) MOTORS: Initializing motors...[0m
[0;32mI (276) MOTORS:   Motor0 pin=GPIO12: OK[0m
[0;32mI (276) MOTORS:   Motor1 pin=GPIO13: OK[0m
[0;32mI (286) MOTORS:   Motor2 pin=GPIO15: OK[0m
[0;32mI (286) MOTORS:   Motor3 pin=GPIO14: OK[0m
[0;32mI (286) MOTORS: Motors initialized. PWM=25000Hz, bits=10[0m
[0;32mI (296) BATTERY: Battery ADC initialized on channel 0[0m
[0;33mW (296) IMU: IMU is STUB - no physical sensor connected.[0m
[0;33mW (306) IMU: Replace imu.c with your actual IMU driver.[0m
[1;31mE (316) uart: uart_driver_install(1939): uart rx buffer length error[0m
ESP_ERROR_CHECK failed: esp_err_t 0xffffffff (ESP_FAIL) at 0x400d7120
file: "./components/rc_sbus/rc_sbus.c" line 98
func: rc_sbus_init
expression: uart_driver_install(BOARD_RC_UART_NUM, SBUS_FRAME_LEN * 4, 0, 0, NULL, 0)

abort() was called at PC 0x40086013 on core 0


Backtrace: 0x400860b9:0x3ffb4460 0x40086081:0x3ffb4480 0x4008c2fd:0x3ffb44a0 0x40086013:0x3ffb4510 0x400d7120:0x3ffb4540 0x400d481f:0x3ffb4590 0x400e6181:0x3ffb45c0 0x40086c21:0x3ffb45f0




ELF file SHA256: 80f2da00f

Rebooting...
ets Jul 29 2019 12:21:46

rst:0xc (SW_CPU_RESET),boot:0x13 (SPI_FAST_FLASH_BOOT)
configsip: 0, SPIWP:0xee
clk_drv:0x00,q_drv:0x00,d_drv:0x00,cs0_drv:0x00,hd_drv:0x00,wp_drv:0x00
mode:DIO, clock div:2
load:0x3fff0030,len:6280
load:0x40078000,len:15864
load:0x40080400,len:3920
entry 0x40080644
[0;32mI (27) boot: ESP-IDF v5.5.3 2nd stage bootloader[0m
[0;32mI (27) boot: compile time May 21 2026 16:01:36[0m
[0;32mI (27) boot: Multicore bootloader[0m
[0;32mI (29) boot: chip revision: v3.1[0m
[0;32mI (31) boot.esp32: SPI Speed      : 40MHz[0m
[0;32mI (35) boot.esp32: SPI Mode       : DIO[0m
[0;32mI (39) boot.esp32: SPI Flash Size : 4MB[0m
[0;32mI (42) boot: Enabling RNG early entropy source...[0m
[0;32mI (47) boot: Partition Table:[0m
[0;32mI (49) boot: ## Label            Usage          Type ST Offset   Length[0m
[0;32mI (56) boot:  0 nvs              WiFi data        01 02 00009000 00006000[0m
[0;32mI (62) boot:  1 phy_init         RF data          01 01 0000f000 00001000[0m
[0;32mI (69) boot:  2 factory          factory app      00 00 00010000 00100000[0m
[0;32mI (75) boot: End of partition table[0m
[0;32mI (79) esp_image: segment 0: paddr=00010020 vaddr=3f400020 size=09e80h ( 40576) map[0m
[0;32mI (100) esp_image: segment 1: paddr=00019ea8 vaddr=3ffb0000 size=0275ch ( 10076) load[0m
[0;32mI (104) esp_image: segment 2: paddr=0001c60c vaddr=40080000 size=03a0ch ( 14860) load[0m
[0;32mI (110) esp_image: segment 3: paddr=00020020 vaddr=400d0020 size=16ab4h ( 92852) map[0m
[0;32mI (143) esp_image: segment 4: paddr=00036adc vaddr=40083a0c size=0a694h ( 42644) load[0m
[0;32mI (160) esp_image: segment 5: paddr=00041178 vaddr=50000000 size=00020h (    32) load[0m
[0;32mI (167) boot: Loaded app from partition at offset 0x10000[0m
[0;32mI (167) boot: Disabling RNG early entropy source...[0m
[0;32mI (178) cpu_start: Multicore app[0m
[0;32mI (186) cpu_start: GPIO 3 and 1 are used as console UART I/O pins[0m
[0;32mI (187) cpu_start: Pro cpu start user code[0m
[0;32mI (187) cpu_start: cpu freq: 160000000 Hz[0m
[0;32mI (188) app_init: Application information:[0m
[0;32mI (192) app_init: Project name:     esp32_KDI[0m
[0;32mI (196) app_init: App version:      429a8c2-dirty[0m
[0;32mI (201) app_init: Compile time:     May 21 2026 16:01:33[0m
[0;32mI (206) app_init: ELF file SHA256:  80f2da00f...[0m
[0;32mI (210) app_init: ESP-IDF:          v5.5.3[0m
[0;32mI (214) efuse_init: Min chip rev:     v0.0[0m
[0;32mI (218) efuse_init: Max chip rev:     v3.99 [0m
[0;32mI (222) efuse_init: Chip rev:         v3.1[0m
[0;32mI (226) heap_init: Initializing. RAM available for dynamic allocation:[0m
[0;32mI (232) heap_init: At 3FFAE6E0 len 00001920 (6 KiB): DRAM[0m
[0;32mI (237) heap_init: At 3FFB32C8 len 0002CD38 (179 KiB): DRAM[0m
[0;32mI (242) heap_init: At 3FFE0440 len 00003AE0 (14 KiB): D/IRAM[0m
[0;32mI (248) heap_init: At 3FFE4350 len 0001BCB0 (111 KiB): D/IRAM[0m
[0;32mI (253) heap_init: At 4008E0A0 len 00011F60 (71 KiB): IRAM[0m
[0;32mI (259) spi_flash: detected chip: generic[0m
[0;32mI (262) spi_flash: flash io: dio[0m
[0;32mI (266) main_task: Started on CPU0[0m
[0;32mI (276) main_task: Calling app_main()[0m
[0;32mI (276) MAIN: === CF-Drone ESP-IDF ===[0m
[0;32mI (276) MAIN: Initializing...[0m
[0;32mI (276) MOTORS: Initializing motors...[0m
[0;32mI (276) MOTORS:   Motor0 pin=GPIO12: OK[0m
[0;32mI (276) MOTORS:   Motor1 pin=GPIO13: OK[0m
[0;32mI (286) MOTORS:   Motor2 pin=GPIO15: OK[0m
[0;32mI (286) MOTORS:   Motor3 pin=GPIO14: OK[0m
[0;32mI (286) MOTORS: Motors initialized. PWM=25000Hz, bits=10[0m
[0;32mI (296) BATTERY: Battery ADC initialized on channel 0[0m
[0;33mW (296) IMU: IMU is STUB - no physical sensor connected.[0m
[0;33mW (306) IMU: Replace imu.c with your actual IMU driver.[0m
[1;31mE (316) uart: uart_driver_install(1939): uart rx buffer length error[0m
ESP_ERROR_CHECK failed: esp_err_t 0xffffffff (ESP_FAIL) at 0x400d7120
file: "./components/rc_sbus/rc_sbus.c" line 98
func: rc_sbus_init
expression: uart_driver_install(BOARD_RC_UART_NUM, SBUS_FRAME_LEN * 4, 0, 0, NULL, 0)

abort() was called at PC 0x40086013 on core 0


Backtrace: 0x400860b9:0x3ffb4460 0x40086081:0x3ffb4480 0x4008c2fd:0x3ffb44a0 0x40086013:0x3ffb4510 0x400d7120:0x3ffb4540 0x400d481f:0x3ffb4590 0x400e6181:0x3ffb45c0 0x40086c21:0x3ffb45f0




ELF file SHA256: 80f2da00f

Rebooting...
ets Jul 29 2019 12:21:46

rst:0xc (SW_CPU_RESET),boot:0x13 (SPI_FAST_FLASH_BOOT)
configsip: 0, SPIWP:0xee
clk_drv:0x00,q_drv:0x00,d_drv:0x00,cs0_drv:0x00,hd_drv:0x00,wp_drv:0x00
mode:DIO, clock div:2
load:0x3fff0030,len:6280
load:0x40078000,len:15864
load:0x40080400,len:3920
entry 0x40080644
[0;32mI (27) boot: ESP-IDF v5.5.3 2nd stage bootloader[0m
[0;32mI (27) boot: compile time May 21 2026 16:01:36[0m
[0;32mI (27) boot: Multicore bootloader[0m
[0;32mI (29) boot: chip revision: v3.1[0m
[0;32mI (31) boot.esp32: SPI Speed      : 40MHz[0m
[0;32mI (35) boot.esp32: SPI Mode       : DIO[0m
[0;32mI (39) boot.esp32: SPI Flash Size : 4MB[0m
[0;32mI (42) boot: Enabling RNG early entropy source...[0m
[0;32mI (47) boot: Partition Table:[0m
[0;32mI (49) boot: ## Label            Usage          Type ST Offset   Length[0m
[0;32mI (56) boot:  0 nvs              WiFi data        01 02 00009000 00006000[0m
[0;32mI (62) boot:  1 phy_init         RF data          01 01 0000f000 00001000[0m
[0;32mI (69) boot:  2 factory          factory app      00 00 00010000 00100000[0m
[0;32mI (75) boot: End of partition table[0m
[0;32mI (79) esp_image: segment 0: paddr=00010020 vaddr=3f400020 size=09e80h ( 40576) map[0m
[0;32mI (100) esp_image: segment 1: paddr=00019ea8 vaddr=3ffb0000 size=0275ch ( 10076) load[0m
[0;32mI (104) esp_image: segment 2: paddr=0001c60c vaddr=40080000 size=03a0ch ( 14860) load[0m
[0;32mI (110) esp_image: segment 3: paddr=00020020 vaddr=400d0020 size=16ab4h ( 92852) map[0m
[0;32mI (143) esp_image: segment 4: paddr=00036adc vaddr=40083a0c size=0a694h ( 42644) load[0m
[0;32mI (160) esp_image: segment 5: paddr=00041178 vaddr=50000000 size=00020h (    32) load[0m
[0;32mI (167) boot: Loaded app from partition at offset 0x10000[0m
[0;32mI (167) boot: Disabling RNG early entropy source...[0m
[0;32mI (178) cpu_start: Multicore app[0m
[0;32mI (186) cpu_start: GPIO 3 and 1 are used as console UART I/O pins[0m
[0;32mI (187) cpu_start: Pro cpu start user code[0m
[0;32mI (187) cpu_start: cpu freq: 160000000 Hz[0m
[0;32mI (188) app_init: Application information:[0m
[0;32mI (192) app_init: Project name:     esp32_KDI[0m
[0;32mI (196) app_init: App version:      429a8c2-dirty[0m
[0;32mI (201) app_init: Compile time:     May 21 2026 16:01:33[0m
[0;32mI (206) app_init: ELF file SHA256:  80f2da00f...[0m
[0;32mI (210) app_init: ESP-IDF:          v5.5.3[0m
[0;32mI (214) efuse_init: Min chip rev:     v0.0[0m
[0;32mI (218) efuse_init: Max chip rev:     v3.99 [0m
[0;32mI (222) efuse_init: Chip rev:         v3.1[0m
[0;32mI (226) heap_init: Initializing. RAM available for dynamic allocation:[0m
[0;32mI (232) heap_init: At 3FFAE6E0 len 00001920 (6 KiB): DRAM[0m
[0;32mI (237) heap_init: At 3FFB32C8 len 0002CD38 (179 KiB): DRAM[0m
[0;32mI (242) heap_init: At 3FFE0440 len 00003AE0 (14 KiB): D/IRAM[0m
[0;32mI (248) heap_init: At 3FFE4350 len 0001BCB0 (111 KiB): D/IRAM[0m
[0;32mI (253) heap_init: At 4008E0A0 len 00011F60 (71 KiB): IRAM[0m
[0;32mI (259) spi_flash: detected chip: generic[0m
[0;32mI (262) spi_flash: flash io: dio[0m
[0;32mI (266) main_task: Started on CPU0[0m
[0;32mI (276) main_task: Calling app_main()[0m
[0;32mI (276) MAIN: === CF-Drone ESP-IDF ===[0m
[0;32mI (276) MAIN: Initializing...[0m
[0;32mI (276) MOTORS: Initializing motors...[0m
[0;32mI (276) MOTORS:   Motor0 pin=GPIO12: OK[0m
[0;32mI (276) MOTORS:   Motor1 pin=GPIO13: OK[0m
[0;32mI (286) MOTORS:   Motor2 pin=GPIO15: OK[0m
[0;32mI (286) MOTORS:   Motor3 pin=GPIO14: OK[0m
[0;32mI (286) MOTORS: Motors initialized. PWM=25000Hz, bits=10[0m
[0;32mI (296) BATTERY: Battery ADC initialized on channel 0[0m
[0;33mW (296) IMU: IMU is STUB - no physical sensor connected.[0m
[0;33mW (306) IMU: Replace imu.c with your actual IMU driver.[0m
[1;31mE (316) uart: uart_driver_install(1939): uart rx buffer length error[0m
ESP_ERROR_CHECK failed: esp_err_t 0xffffffff (ESP_FAIL) at 0x400d7120
file: "./components/rc_sbus/rc_sbus.c" line 98
func: rc_sbus_init
expression: uart_driver_install(BOARD_RC_UART_NUM, SBUS_FRAME_LEN * 4, 0, 0, NULL, 0)

abort() was called at PC 0x40086013 on core 0


Backtrace: 0x400860b9:0x3ffb4460 0x40086081:0x3ffb4480 0x4008c2fd:0x3ffb44a0 0x40086013:0x3ffb4510 0x400d7120:0x3ffb4540 0x400d481f:0x3ffb4590 0x400e6181:0x3ffb45c0 0x40086c21:0x3ffb45f0




ELF file SHA256: 80f2da00f

Rebooting...
ets Jul 29 2019 12:21:46

rst:0xc (SW_CPU_RESET),boot:0x13 (SPI_FAST_FLASH_BOOT)
configsip: 0, SPIWP:0xee
clk_drv:0x00,q_drv:0x00,d_drv:0x00,cs0_drv:0x00,hd_drv:0x00,wp_drv:0x00
mode:DIO, clock div:2
load:0x3fff0030,len:6280
load:0x40078000,len:15864
load:0x40080400,len:3920
entry 0x40080644
[0;32mI (27) boot: ESP-IDF v5.5.3 2nd stage bootloader[0m
[0;32mI (27) boot: compile time May 21 2026 16:01:36[0m
[0;32mI (27) boot: Multicore bootloader[0m
[0;32mI (29) boot: chip revision: v3.1[0m
[0;32mI (31) boot.esp32: SPI Speed      : 40MHz[0m
[0;32mI (35) boot.esp32: SPI Mode       : DIO[0m
[0;32mI (39) boot.esp32: SPI Flash Size : 4MB[0m
[0;32mI (42) boot: Enabling RNG early entropy source...[0m
[0;32mI (47) boot: Partition Table:[0m
[0;32mI (49) boot: ## Label            Usage          Type ST Offset   Length[0m
[0;32mI (56) boot:  0 nvs              WiFi data        01 02 00009000 00006000[0m
[0;32mI (62) boot:  1 phy_init         RF data          01 01 0000f000 00001000[0m
[0;32mI (69) boot:  2 factory          factory app      00 00 00010000 00100000[0m
[0;32mI (75) boot: End of partition table[0m
[0;32mI (79) esp_image: segment 0: paddr=00010020 vaddr=3f400020 size=09e80h ( 40576) map[0m
[0;32mI (100) esp_image: segment 1: paddr=00019ea8 vaddr=3ffb0000 size=0275ch ( 10076) load[0m
[0;32mI (104) esp_image: segment 2: paddr=0001c60c vaddr=40080000 size=03a0ch ( 14860) load[0m
[0;32mI (110) esp_image: segment 3: paddr=00020020 vaddr=400d0020 size=16ab4h ( 92852) map[0m
[0;32mI (143) esp_image: segment 4: paddr=00036adc vaddr=40083a0c size=0a694h ( 42644) load[0m
[0;32mI (160) esp_image: segment 5: paddr=00041178 vaddr=50000000 size=00020h (    32) load[0m
[0;32mI (167) boot: Loaded app from partition at offset 0x10000[0m
[0;32mI (167) boot: Disabling RNG early entropy source...[0m
[0;32mI (178) cpu_start: Multicore app[0m
[0;32mI (186) cpu_start: GPIO 3 and 1 are used as console UART I/O pins[0m
[0;32mI (187) cpu_start: Pro cpu start user code[0m
[0;32mI (187) cpu_start: cpu freq: 160000000 Hz[0m
[0;32mI (188) app_init: Application information:[0m
[0;32mI (192) app_init: Project name:     esp32_KDI[0m
[0;32mI (196) app_init: App version:      429a8c2-dirty[0m
[0;32mI (201) app_init: Compile time:     May 21 2026 16:01:33[0m
[0;32mI (206) app_init: ELF file SHA256:  80f2da00f...[0m
[0;32mI (210) app_init: ESP-IDF:          v5.5.3[0m
[0;32mI (214) efuse_init: Min chip rev:     v0.0[0m
[0;32mI (218) efuse_init: Max chip rev:     v3.99 [0m
[0;32mI (222) efuse_init: Chip rev:         v3.1[0m
[0;32mI (226) heap_init: Initializing. RAM available for dynamic allocation:[0m
[0;32mI (232) heap_init: At 3FFAE6E0 len 00001920 (6 KiB): DRAM[0m
[0;32mI (237) heap_init: At 3FFB32C8 len 0002CD38 (179 KiB): DRAM[0m
[0;32mI (242) heap_init: At 3FFE0440 len 00003AE0 (14 KiB): D/IRAM[0m
[0;32mI (248) heap_init: At 3FFE4350 len 0001BCB0 (111 KiB): D/IRAM[0m
[0;32mI (253) heap_init: At 4008E0A0 len 00011F60 (71 KiB): IRAM[0m
[0;32mI (259) spi_flash: detected chip: generic[0m
[0;32mI (262) spi_flash: flash io: dio[0m
[0;32mI (266) main_task: Started on CPU0[0m
[0;32mI (276) main_task: Calling app_main()[0m
[0;32mI (276) MAIN: === CF-Drone ESP-IDF ===[0m
[0;32mI (276) MAIN: Initializing...[0m
[0;32mI (276) MOTORS: Initializing motors...[0m
[0;32mI (276) MOTORS:   Motor0 pin=GPIO12: OK[0m
[0;32mI (276) MOTORS:   Motor1 pin=GPIO13: OK[0m
[0;32mI (286) MOTORS:   Motor2 pin=GPIO15: OK[0m
[0;32mI (286) MOTORS:   Motor3 pin=GPIO14: OK[0m
[0;32mI (286) MOTORS: Motors initialized. PWM=25000Hz, bits=10[0m
[0;32mI (296) BATTERY: Battery ADC initialized on channel 0[0m
[0;33mW (296) IMU: IMU is STUB - no physical sensor connected.[0m
[0;33mW (306) IMU: Replace imu.c with your actual IMU driver.[0m
[1;31mE (316) uart: uart_driver_install(1939): uart rx buffer length error[0m
ESP_ERROR_CHECK failed: esp_err_t 0xffffffff (ESP_FAIL) at 0x400d7120
file: "./components/rc_sbus/rc_sbus.c" line 98
func: rc_sbus_init
expression: uart_driver_install(BOARD_RC_UART_NUM, SBUS_FRAME_LEN * 4, 0, 0, NULL, 0)

abort() was called at PC 0x40086013 on core 0


Backtrace: 0x400860b9:0x3ffb4460 0x40086081:0x3ffb4480 0x4008c2fd:0x3ffb44a0 0x40086013:0x3ffb4510 0x400d7120:0x3ffb4540 0x400d481f:0x3ffb4590 0x400e6181:0x3ffb45c0 0x40086c21:0x3ffb45f0




ELF file SHA256: 80f2da00f

Rebooting...
ets Jul 29 2019 12:21:46

rst:0xc (SW_CPU_RESET),boot:0x13 (SPI_FAST_FLASH_BOOT)
configsip: 0, SPIWP:0xee
clk_drv:0x00,q_drv:0x00,d_drv:0x00,cs0_drv:0x00,hd_drv:0x00,wp_drv:0x00
mode:DIO, clock div:2
load:0x3fff0030,len:6280
load:0x40078000,len:15864
load:0x40080400,len:3920
entry 0x40080644
[0;32mI (27) boot: ESP-IDF v5.5.3 2nd stage bootloader[0m
[0;32mI (27) boot: compile time May 21 2026 16:01:36[0m
[0;32mI (27) boot: Multicore bootloader[0m
[0;32mI (29) boot: chip revision: v3.1[0m
[0;32mI (31) boot.esp32: SPI Speed      : 40MHz[0m
[0;32mI (35) boot.esp32: SPI Mode       : DIO[0m
[0;32mI (39) boot.esp32: SPI Flash Size : 4MB[0m
[0;32mI (42) boot: Enabling RNG early entropy source...[0m
[0;32mI (47) boot: Partition Table:[0m
[0;32mI (49) boot: ## Label            Usage          Type ST Offset   Length[0m
[0;32mI (56) boot:  0 nvs              WiFi data        01 02 00009000 00006000[0m
[0;32mI (62) boot:  1 phy_init         RF data          01 01 0000f000 00001000[0m
[0;32mI (69) boot:  2 factory          factory app      00 00 00010000 00100000[0m
[0;32mI (75) boot: End of partition table[0m
[0;32mI (79) esp_image: segment 0: paddr=00010020 vaddr=3f400020 size=09e80h ( 40576) map[0m
[0;32mI (100) esp_image: segment 1: paddr=00019ea8 vaddr=3ffb0000 size=0275ch ( 10076) load[0m
[0;32mI (104) esp_image: segment 2: paddr=0001c60c vaddr=40080000 size=03a0ch ( 14860) load[0m
[0;32mI (110) esp_image: segment 3: paddr=00020020 vaddr=400d0020 size=16ab4h ( 92852) map[0m
[0;32mI (143) esp_image: segment 4: paddr=00036adc vaddr=40083a0c size=0a694h ( 42644) load[0m
[0;32mI (160) esp_image: segment 5: paddr=00041178 vaddr=50000000 size=00020h (    32) load[0m
[0;32mI (167) boot: Loaded app from partition at offset 0x10000[0m
[0;32mI (167) boot: Disabling RNG early entropy source...[0m
[0;32mI (178) cpu_start: Multicore app[0m
[0;32mI (186) cpu_start: GPIO 3 and 1 are used as console UART I/O pins[0m
[0;32mI (187) cpu_start: Pro cpu start user code[0m
[0;32mI (187) cpu_start: cpu freq: 160000000 Hz[0m
[0;32mI (188) app_init: Application information:[0m
[0;32mI (192) app_init: Project name:     esp32_KDI[0m
[0;32mI (196) app_init: App version:      429a8c2-dirty[0m
[0;32mI (201) app_init: Compile time:     May 21 2026 16:01:33[0m
[0;32mI (206) app_init: ELF file SHA256:  80f2da00f...[0m
[0;32mI (210) app_init: ESP-IDF:          v5.5.3[0m
[0;32mI (214) efuse_init: Min chip rev:     v0.0[0m
[0;32mI (218) efuse_init: Max chip rev:     v3.99 [0m
[0;32mI (222) efuse_init: Chip rev:         v3.1[0m
[0;32mI (226) heap_init: Initializing. RAM available for dynamic allocation:[0m
[0;32mI (232) heap_init: At 3FFAE6E0 len 00001920 (6 KiB): DRAM[0m
[0;32mI (237) heap_init: At 3FFB32C8 len 0002CD38 (179 KiB): DRAM[0m
[0;32mI (242) heap_init: At 3FFE0440 len 00003AE0 (14 KiB): D/IRAM[0m
[0;32mI (248) heap_init: At 3FFE4350 len 0001BCB0 (111 KiB): D/IRAM[0m
[0;32mI (253) heap_init: At 4008E0A0 len 00011F60 (71 KiB): IRAM[0m
[0;32mI (259) spi_flash: detected chip: generic[0m
[0;32mI (262) spi_flash: flash io: dio[0m
[0;32mI (266) main_task: Started on CPU0[0m
[0;32mI (276) main_task: Calling app_main()[0m
[0;32mI (276) MAIN: === CF-Drone ESP-IDF ===[0m
[0;32mI (276) MAIN: Initializing...[0m
[0;32mI (276) MOTORS: Initializing motors...[0m
[0;32mI (276) MOTORS:   Motor0 pin=GPIO12: OK[0m
[0;32mI (276) MOTORS:   Motor1 pin=GPIO13: OK[0m
[0;32mI (286) MOTORS:   Motor2 pin=GPIO15: OK[0m
[0;32mI (286) MOTORS:   Motor3 pin=GPIO14: OK[0m
[0;32mI (286) MOTORS: Motors initialized. PWM=25000Hz, bits=10[0m
[0;32mI (296) BATTERY: Battery ADC initialized on channel 0[0m
[0;33mW (296) IMU: IMU is STUB - no physical sensor connected.[0m
[0;33mW (306) IMU: Replace imu.c with your actual IMU driver.[0m
[1;31mE (316) uart: uart_driver_install(1939): uart rx buffer length error[0m
ESP_ERROR_CHECK failed: esp_err_t 0xffffffff (ESP_FAIL) at 0x400d7120
file: "./components/rc_sbus/rc_sbus.c" line 98
func: rc_sbus_init
expression: uart_driver_install(BOARD_RC_UART_NUM, SBUS_FRAME_LEN * 4, 0, 0, NULL, 0)

abort() was called at PC 0x40086013 on core 0


Backtrace: 0x400860b9:0x3ffb4460 0x40086081:0x3ffb4480 0x4008c2fd:0x3ffb44a0 0x40086013:0x3ffb4510 0x400d7120:0x3ffb4540 0x400d481f:0x3ffb4590 0x400e6181:0x3ffb45c0 0x40086c21:0x3ffb45f0




ELF file SHA256: 80f2da00f

Rebooting...
ets Jul 29 2019 12:21:46

rst:0xc (SW_CPU_RESET),boot:0x13 (SPI_FAST_FLASH_BOOT)
configsip: 0, SPIWP:0xee
clk_drv:0x00,q_drv:0x00,d_drv:0x00,cs0_drv:0x00,hd_drv:0x00,wp_drv:0x00
mode:DIO, clock div:2
load:0x3fff0030,len:6280
load:0x40078000,len:15864
load:0x40080400,len:3920
entry 0x40080644
[0;32mI (27) boot: ESP-IDF v5.5.3 2nd stage bootloader[0m
[0;32mI (27) boot: compile time May 21 2026 16:01:36[0m
[0;32mI (27) boot: Multicore bootloader[0m
[0;32mI (29) boot: chip revision: v3.1[0m
[0;32mI (31) boot.esp32: SPI Speed      : 40MHz[0m
[0;32mI (35) boot.esp32: SPI Mode       : DIO[0m
[0;32mI (39) boot.esp32: SPI Flash Size : 4MB[0m
[0;32mI (42) boot: Enabling RNG early entropy source...[0m
[0;32mI (47) boot: Partition Table:[0m
[0;32mI (49) boot: ## Label            Usage          Type ST Offset   Length[0m
[0;32mI (56) boot:  0 nvs              WiFi data        01 02 00009000 00006000[0m
[0;32mI (62) boot:  1 phy_init         RF data          01 01 0000f000 00001000[0m
[0;32mI (69) boot:  2 factory          factory app      00 00 00010000 00100000[0m
[0;32mI (75) boot: End of partition table[0m
[0;32mI (79) esp_image: segment 0: paddr=00010020 vaddr=3f400020 size=09e80h ( 40576) map[0m
[0;32mI (100) esp_image: segment 1: paddr=00019ea8 vaddr=3ffb0000 size=0275ch ( 10076) load[0m
[0;32mI (104) esp_image: segment 2: paddr=0001c60c vaddr=40080000 size=03a0ch ( 14860) load[0m
[0;32mI (110) esp_image: segment 3: paddr=00020020 vaddr=400d0020 size=16ab4h ( 92852) map[0m
[0;32mI (143) esp_image: segment 4: paddr=00036adc vaddr=40083a0c size=0a694h ( 42644) load[0m
[0;32mI (160) esp_image: segment 5: paddr=00041178 vaddr=50000000 size=00020h (    32) load[0m
[0;32mI (167) boot: Loaded app from partition at offset 0x10000[0m
[0;32mI (167) boot: Disabling RNG early entropy source...[0m
[0;32mI (178) cpu_start: Multicore app[0m
[0;32mI (186) cpu_start: GPIO 3 and 1 are used as console UART I/O pins[0m
[0;32mI (187) cpu_start: Pro cpu start user code[0m
[0;32mI (187) cpu_start: cpu freq: 160000000 Hz[0m
[0;32mI (188) app_init: Application information:[0m
[0;32mI (192) app_init: Project name:     esp32_KDI[0m
[0;32mI (196) app_init: App version:      429a8c2-dirty[0m
[0;32mI (201) app_init: Compile time:     May 21 2026 16:01:33[0m
[0;32mI (206) app_init: ELF file SHA256:  80f2da00f...[0m
[0;32mI (210) app_init: ESP-IDF:          v5.5.3[0m
[0;32mI (214) efuse_init: Min chip rev:     v0.0[0m
[0;32mI (218) efuse_init: Max chip rev:     v3.99 [0m
[0;32mI (222) efuse_init: Chip rev:         v3.1[0m
[0;32mI (226) heap_init: Initializing. RAM available for dynamic allocation:[0m
[0;32mI (232) heap_init: At 3FFAE6E0 len 00001920 (6 KiB): DRAM[0m
[0;32mI (237) heap_init: At 3FFB32C8 len 0002CD38 (179 KiB): DRAM[0m
[0;32mI (242) heap_init: At 3FFE0440 len 00003AE0 (14 KiB): D/IRAM[0m
[0;32mI (248) heap_init: At 3FFE4350 len 0001BCB0 (111 KiB): D/IRAM[0m
[0;32mI (253) heap_init: At 4008E0A0 len 00011F60 (71 KiB): IRAM[0m
[0;32mI (259) spi_flash: detected chip: generic[0m
[0;32mI (262) spi_flash: flash io: dio[0m
[0;32mI (266) main_task: Started on CPU0[0m
[0;32mI (276) main_task: Calling app_main()[0m
[0;32mI (276) MAIN: === CF-Drone ESP-IDF ===[0m
[0;32mI (276) MAIN: Initializing...[0m
[0;32mI (276) MOTORS: Initializing motors...[0m
[0;32mI (276) MOTORS:   Motor0 pin=GPIO12: OK[0m
[0;32mI (276) MOTORS:   Motor1 pin=GPIO13: OK[0m
[0;32mI (286) MOTORS:   Motor2 pin=GPIO15: OK[0m
[0;32mI (286) MOTORS:   Motor3 pin=GPIO14: OK[0m
[0;32mI (286) MOTORS: Motors initialized. PWM=25000Hz, bits=10[0m
[0;32mI (296) BATTERY: Battery ADC initialized on channel 0[0m
[0;33mW (296) IMU: IMU is STUB - no physical sensor connected.[0m
[0;33mW (306) IMU: Replace imu.c with your actual IMU driver.[0m
[1;31mE (316) uart: uart_driver_install(1939): uart rx buffer length error[0m
ESP_ERROR_CHECK failed: esp_err_t 0xffffffff (ESP_FAIL) at 0x400d7120
file: "./components/rc_sbus/rc_sbus.c" line 98
func: rc_sbus_init
expression: uart_driver_install(BOARD_RC_UART_NUM, SBUS_FRAME_LEN * 4, 0, 0, NULL, 0)

abort() was called at PC 0x40086013 on core 0


Backtrace: 0x400860b9:0x3ffb4460 0x40086081:0x3ffb4480 0x4008c2fd:0x3ffb44a0 0x40086013:0x3ffb4510 0x400d7120:0x3ffb4540 0x400d481f:0x3ffb4590 0x400e6181:0x3ffb45c0 0x40086c21:0x3ffb45f0




ELF file SHA256: 80f2da00f

Rebooting...
ets Jul 29 2019 12:21:46

rst:0xc (SW_CPU_RESET),boot:0x13 (SPI_FAST_FLASH_BOOT)
configsip: 0, SPIWP:0xee
clk_drv:0x00,q_drv:0x00,d_drv:0x00,cs0_drv:0x00,hd_drv:0x00,wp_drv:0x00
mode:DIO, clock div:2
load:0x3fff0030,len:6280
load:0x40078000,len:15864
load:0x40080400,len:3920
entry 0x40080644
[0;32mI (27) boot: ESP-IDF v5.5.3 2nd stage bootloader[0m
[0;32mI (27) boot: compile time May 21 2026 16:01:36[0m
[0;32mI (27) boot: Multicore bootloader[0m
[0;32mI (29) boot: chip revision: v3.1[0m
[0;32mI (31) boot.esp32: SPI Speed      : 40MHz[0m
[0;32mI (35) boot.esp32: SPI Mode       : DIO[0m
[0;32mI (39) boot.esp32: SPI Flash Size : 4MB[0m
[0;32mI (42) boot: Enabling RNG early entropy source...[0m
[0;32mI (47) boot: Partition Table:[0m
[0;32mI (49) boot: ## Label            Usage          Type ST Offset   Length[0m
[0;32mI (56) boot:  0 nvs              WiFi data        01 02 00009000 00006000[0m
[0;32mI (62) boot:  1 phy_init         RF data          01 01 0000f000 00001000[0m
[0;32mI (69) boot:  2 factory          factory app      00 00 00010000 00100000[0m
[0;32mI (75) boot: End of partition table[0m
[0;32mI (79) esp_image: segment 0: paddr=00010020 vaddr=3f400020 size=09e80h ( 40576) map[0m
[0;32mI (100) esp_image: segment 1: paddr=00019ea8 vaddr=3ffb0000 size=0275ch ( 10076) load[0m
[0;32mI (104) esp_image: segment 2: paddr=0001c60c vaddr=40080000 size=03a0ch ( 14860) load[0m
[0;32mI (110) esp_image: segment 3: paddr=00020020 vaddr=400d0020 size=16ab4h ( 92852) map[0m
[0;32mI (143) esp_image: segment 4: paddr=00036adc vaddr=40083a0c size=0a694h ( 42644) load[0m
[0;32mI (160) esp_image: segment 5: paddr=00041178 vaddr=50000000 size=00020h (    32) load[0m
[0;32mI (167) boot: Loaded app from partition at offset 0x10000[0m
[0;32mI (167) boot: Disabling RNG early entropy source...[0m
[0;32mI (178) cpu_start: Multicore app[0m
[0;32mI (186) cpu_start: GPIO 3 and 1 are used as console UART I/O pins[0m
[0;32mI (187) cpu_start: Pro cpu start user code[0m
[0;32mI (187) cpu_start: cpu freq: 160000000 Hz[0m
[0;32mI (188) app_init: Application information:[0m
[0;32mI (192) app_init: Project name:     esp32_KDI[0m
[0;32mI (196) app_init: App version:      429a8c2-dirty[0m
[0;32mI (201) app_init: Compile time:     May 21 2026 16:01:33[0m
[0;32mI (206) app_init: ELF file SHA256:  80f2da00f...[0m
[0;32mI (210) app_init: ESP-IDF:          v5.5.3[0m
[0;32mI (214) efuse_init: Min chip rev:     v0.0[0m
[0;32mI (218) efuse_init: Max chip rev:     v3.99 [0m
[0;32mI (222) efuse_init: Chip rev:         v3.1[0m
[0;32mI (226) heap_init: Initializing. RAM available for dynamic allocation:[0m
[0;32mI (232) heap_init: At 3FFAE6E0 len 00001920 (6 KiB): DRAM[0m
[0;32mI (237) heap_init: At 3FFB32C8 len 0002CD38 (179 KiB): DRAM[0m
[0;32mI (242) heap_init: At 3FFE0440 len 00003AE0 (14 KiB): D/IRAM[0m
[0;32mI (248) heap_init: At 3FFE4350 len 0001BCB0 (111 KiB): D/IRAM[0m
[0;32mI (253) heap_init: At 4008E0A0 len 00011F60 (71 KiB): IRAM[0m
[0;32mI (259) spi_flash: detected chip: generic[0m
[0;32mI (262) spi_flash: flash io: dio[0m
[0;32mI (266) main_task: Started on CPU0[0m
[0;32mI (276) main_task: Calling app_main()[0m
[0;32mI (276) MAIN: === CF-Drone ESP-IDF ===[0m
[0;32mI (276) MAIN: Initializing...[0m
[0;32mI (276) MOTORS: Initializing motors...[0m
[0;32mI (276) MOTORS:   Motor0 pin=GPIO12: OK[0m
[0;32mI (276) MOTORS:   Motor1 pin=GPIO13: OK[0m
[0;32mI (286) MOTORS:   Motor2 pin=GPIO15: OK[0m
[0;32mI (286) MOTORS:   Motor3 pin=GPIO14: OK[0m
[0;32mI (286) MOTORS: Motors initialized. PWM=25000Hz, bits=10[0m
[0;32mI (296) BATTERY: Battery ADC initialized on channel 0[0m
[0;33mW (296) IMU: IMU is STUB - no physical sensor connected.[0m
[0;33mW (306) IMU: Replace imu.c with your actual IMU driver.[0m
[1;31mE (316) uart: uart_driver_install(1939): uart rx buffer length error[0m
ESP_ERROR_CHECK failed: esp_err_t 0xffffffff (ESP_FAIL) at 0x400d7120
file: "./components/rc_sbus/rc_sbus.c" line 98
func: rc_sbus_init
expression: uart_driver_install(BOARD_RC_UART_NUM, SBUS_FRAME_LEN * 4, 0, 0, NULL, 0)

abort() was called at PC 0x40086013 on core 0


Backtrace: 0x400860b9:0x3ffb4460 0x40086081:0x3ffb4480 0x4008c2fd:0x3ffb44a0 0x40086013:0x3ffb4510 0x400d7120:0x3ffb4540 0x400d481f:0x3ffb4590 0x400e6181:0x3ffb45c0 0x40086c21:0x3ffb45f0




ELF file SHA256: 80f2da00f

Rebooting...
ets Jul 29 2019 12:21:46

rst:0xc (SW_CPU_RESET),boot:0x13 (SPI_FAST_FLASH_BOOT)
configsip: 0, SPIWP:0xee
clk_drv:0x00,q_drv:0x00,d_drv:0x00,cs0_drv:0x00,hd_drv:0x00,wp_drv:0x00
mode:DIO, clock div:2
load:0x3fff0030,len:6280
load:0x40078000,len:15864
load:0x40080400,len:3920
entry 0x40080644
[0;32mI (27) boot: ESP-IDF v5.5.3 2nd stage bootloader[0m
[0;32mI (27) boot: compile time May 21 2026 16:01:36[0m
[0;32mI (27) boot: Multicore bootloader[0m
[0;32mI (29) boot: chip revision: v3.1[0m
[0;32mI (31) boot.esp32: SPI Speed      : 40MHz[0m
[0;32mI (35) boot.esp32: SPI Mode       : DIO[0m
[0;32mI (39) boot.esp32: SPI Flash Size : 4MB[0m
[0;32mI (42) boot: Enabling RNG early entropy source...[0m
[0;32mI (47) boot: Partition Table:[0m
[0;32mI (49) boot: ## Label            Usage          Type ST Offset   Length[0m
[0;32mI (56) boot:  0 nvs              WiFi data        01 02 00009000 00006000[0m
[0;32mI (62) boot:  1 phy_init         RF data          01 01 0000f000 00001000[0m
[0;32mI (69) boot:  2 factory          factory app      00 00 00010000 00100000[0m
[0;32mI (75) boot: End of partition table[0m
[0;32mI (79) esp_image: segment 0: paddr=00010020 vaddr=3f400020 size=09e80h ( 40576) map[0m
[0;32mI (100) esp_image: segment 1: paddr=00019ea8 vaddr=3ffb0000 size=0275ch ( 10076) load[0m
[0;32mI (104) esp_image: segment 2: paddr=0001c60c vaddr=40080000 size=03a0ch ( 14860) load[0m
[0;32mI (110) esp_image: segment 3: paddr=00020020 vaddr=400d0020 size=16ab4h ( 92852) map[0m
[0;32mI (143) esp_image: segment 4: paddr=00036adc vaddr=40083a0c size=0a694h ( 42644) load[0m
[0;32mI (160) esp_image: segment 5: paddr=00041178 vaddr=50000000 size=00020h (    32) load[0m
[0;32mI (167) boot: Loaded app from partition at offset 0x10000[0m
[0;32mI (167) boot: Disabling RNG early entropy source...[0m
[0;32mI (178) cpu_start: Multicore app[0m
[0;32mI (186) cpu_start: GPIO 3 and 1 are used as console UART I/O pins[0m
[0;32mI (187) cpu_start: Pro cpu start user code[0m
[0;32mI (187) cpu_start: cpu freq: 160000000 Hz[0m
[0;32mI (188) app_init: Application information:[0m
[0;32mI (192) app_init: Project name:     esp32_KDI[0m
[0;32mI (196) app_init: App version:      429a8c2-dirty[0m
[0;32mI (201) app_init: Compile time:     May 21 2026 16:01:33[0m
[0;32mI (206) app_init: ELF file SHA256:  80f2da00f...[0m
[0;32mI (210) app_init: ESP-IDF:          v5.5.3[0m
[0;32mI (214) efuse_init: Min chip rev:     v0.0[0m
[0;32mI (218) efuse_init: Max chip rev:     v3.99 [0m
[0;32mI (222) efuse_init: Chip rev:         v3.1[0m
[0;32mI (226) heap_init: Initializing. RAM available for dynamic allocation:[0m
[0;32mI (232) heap_init: At 3FFAE6E0 len 00001920 (6 KiB): DRAM[0m
[0;32mI (237) heap_init: At 3FFB32C8 len 0002CD38 (179 KiB): DRAM[0m
[0;32mI (242) heap_init: At 3FFE0440 len 00003AE0 (14 KiB): D/IRAM[0m
[0;32mI (248) heap_init: At 3FFE4350 len 0001BCB0 (111 KiB): D/IRAM[0m
[0;32mI (253) heap_init: At 4008E0A0 len 00011F60 (71 KiB): IRAM[0m
[0;32mI (259) spi_flash: detected chip: generic[0m
[0;32mI (262) spi_flash: flash io: dio[0m
[0;32mI (266) main_task: Started on CPU0[0m
[0;32mI (276) main_task: Calling app_main()[0m
[0;32mI (276) MAIN: === CF-Drone ESP-IDF ===[0m
[0;32mI (276) MAIN: Initializing...[0m
[0;32mI (276) MOTORS: Initializing motors...[0m
[0;32mI (276) MOTORS:   Motor0 pin=GPIO12: OK[0m
[0;32mI (276) MOTORS:   Motor1 pin=GPIO13: OK[0m
[0;32mI (286) MOTORS:   Motor2 pin=GPIO15: OK[0m
[0;32mI (286) MOTORS:   Motor3 pin=GPIO14: OK[0m
[0;32mI (286) MOTORS: Motors initialized. PWM=25000Hz, bits=10[0m
[0;32mI (296) BATTERY: Battery ADC initialized on channel 0[0m
[0;33mW (296) IMU: IMU is STUB - no physical sensor connected.[0m
[0;33mW (306) IMU: Replace imu.c with your actual IMU driver.[0m
[1;31mE (316) uart: uart_driver_install(1939): uart rx buffer length error[0m
ESP_ERROR_CHECK failed: esp_err_t 0xffffffff (ESP_FAIL) at 0x400d7120
file: "./components/rc_sbus/rc_sbus.c" line 98
func: rc_sbus_init
expression: uart_driver_install(BOARD_RC_UART_NUM, SBUS_FRAME_LEN * 4, 0, 0, NULL, 0)

abort() was called at PC 0x40086013 on core 0


Backtrace: 0x400860b9:0x3ffb4460 0x40086081:0x3ffb4480 0x4008c2fd:0x3ffb44a0 0x40086013:0x3ffb4510 0x400d7120:0x3ffb4540 0x400d481f:0x3ffb4590 0x400e6181:0x3ffb45c0 0x40086c21:0x3ffb45f0




ELF file SHA256: 80f2da00f

Rebooting...
ets Jul 29 2019 12:21:46

rst:0xc (SW_CPU_RESET),boot:0x13 (SPI_FAST_FLASH_BOOT)
configsip: 0, SPIWP:0xee
clk_drv:0x00,q_drv:0x00,d_drv:0x00,cs0_drv:0x00,hd_drv:0x00,wp_drv:0x00
mode:DIO, clock div:2
load:0x3fff0030,len:6280
load:0x40078000,len:15864
load:0x40080400,len:3920
entry 0x40080644
[0;32mI (27) boot: ESP-IDF v5.5.3 2nd stage bootloader[0m
[0;32mI (27) boot: compile time May 21 2026 16:01:36[0m
[0;32mI (27) boot: Multicore bootloader[0m
[0;32mI (29) boot: chip revision: v3.1[0m
[0;32mI (31) boot.esp32: SPI Speed      : 40MHz[0m
[0;32mI (35) boot.esp32: SPI Mode       : DIO[0m
[0;32mI (39) boot.esp32: SPI Flash Size : 4MB[0m
[0;32mI (42) boot: Enabling RNG early entropy source...[0m
[0;32mI (47) boot: Partition Table:[0m
[0;32mI (49) boot: ## Label            Usage          Type ST Offset   Length[0m
[0;32mI (56) boot:  0 nvs              WiFi data        01 02 00009000 00006000[0m
[0;32mI (62) boot:  1 phy_init         RF data          01 01 0000f000 00001000[0m
[0;32mI (69) boot:  2 factory          factory app      00 00 00010000 00100000[0m
[0;32mI (75) boot: End of partition table[0m
[0;32mI (79) esp_image: segment 0: paddr=00010020 vaddr=3f400020 size=09e80h ( 40576) map[0m
[0;32mI (100) esp_image: segment 1: paddr=00019ea8 vaddr=3ffb0000 size=0275ch ( 10076) load[0m
[0;32mI (104) esp_image: segment 2: paddr=0001c60c vaddr=40080000 size=03a0ch ( 14860) load[0m
[0;32mI (110) esp_image: segment 3: paddr=00020020 vaddr=400d0020 size=16ab4h ( 92852) map[0m
[0;32mI (143) esp_image: segment 4: paddr=00036adc vaddr=40083a0c size=0a694h ( 42644) load[0m
[0;32mI (160) esp_image: segment 5: paddr=00041178 vaddr=50000000 size=00020h (    32) load[0m
[0;32mI (167) boot: Loaded app from partition at offset 0x10000[0m
[0;32mI (167) boot: Disabling RNG early entropy source...[0m
[0;32mI (178) cpu_start: Multicore app[0m
[0;32mI (186) cpu_start: GPIO 3 and 1 are used as console UART I/O pins[0m
[0;32mI (187) cpu_start: Pro cpu start user code[0m
[0;32mI (187) cpu_start: cpu freq: 160000000 Hz[0m
[0;32mI (188) app_init: Application information:[0m
[0;32mI (192) app_init: Project name:     esp32_KDI[0m
[0;32mI (196) app_init: App version:      429a8c2-dirty[0m
[0;32mI (201) app_init: Compile time:     May 21 2026 16:01:33[0m
[0;32mI (206) app_init: ELF file SHA256:  80f2da00f...[0m
[0;32mI (210) app_init: ESP-IDF:          v5.5.3[0m
[0;32mI (214) efuse_init: Min chip rev:     v0.0[0m
[0;32mI (218) efuse_init: Max chip rev:     v3.99 [0m
[0;32mI (222) efuse_init: Chip rev:         v3.1[0m
[0;32mI (226) heap_init: Initializing. RAM available for dynamic allocation:[0m
[0;32mI (232) heap_init: At 3FFAE6E0 len 00001920 (6 KiB): DRAM[0m
[0;32mI (237) heap_init: At 3FFB32C8 len 0002CD38 (179 KiB): DRAM[0m
[0;32mI (242) heap_init: At 3FFE0440 len 00003AE0 (14 KiB): D/IRAM[0m
[0;32mI (248) heap_init: At 3FFE4350 len 0001BCB0 (111 KiB): D/IRAM[0m
[0;32mI (253) heap_init: At 4008E0A0 len 00011F60 (71 KiB): IRAM[0m
[0;32mI (259) spi_flash: detected chip: generic[0m
[0;32mI (262) spi_flash: flash io: dio[0m
[0;32mI (266) main_task: Started on CPU0[0m
[0;32mI (276) main_task: Calling app_main()[0m
[0;32mI (276) MAIN: === CF-Drone ESP-IDF ===[0m
[0;32mI (276) MAIN: Initializing...[0m
[0;32mI (276) MOTORS: Initializing motors...[0m
[0;32mI (276) MOTORS:   Motor0 pin=GPIO12: OK[0m
[0;32mI (276) MOTORS:   Motor1 pin=GPIO13: OK[0m
[0;32mI (286) MOTORS:   Motor2 pin=GPIO15: OK[0m
[0;32mI (286) MOTORS:   Motor3 pin=GPIO14: OK[0m
[0;32mI (286) MOTORS: Motors initialized. PWM=25000Hz, bits=10[0m
[0;32mI (296) BATTERY: Battery ADC initialized on channel 0[0m
[0;33mW (296) IMU: IMU is STUB - no physical sensor connected.[0m
[0;33mW (306) IMU: Replace imu.c with your actual IMU driver.[0m
[1;31mE (316) uart: uart_driver_install(1939): uart rx buffer length error[0m
ESP_ERROR_CHECK failed: esp_err_t 0xffffffff (ESP_FAIL) at 0x400d7120
file: "./components/rc_sbus/rc_sbus.c" line 98
func: rc_sbus_init
expression: uart_driver_install(BOARD_RC_UART_NUM, SBUS_FRAME_LEN * 4, 0, 0, NULL, 0)

abort() was called at PC 0x40086013 on core 0


Backtrace: 0x400860b9:0x3ffb4460 0x40086081:0x3ffb4480 0x4008c2fd:0x3ffb44a0 0x40086013:0x3ffb4510 0x400d7120:0x3ffb4540 0x400d481f:0x3ffb4590 0x400e6181:0x3ffb45c0 0x40086c21:0x3ffb45f0




ELF file SHA256: 80f2da00f

Rebooting...
ets Jul 29 2019 12:21:46

rst:0xc (SW_CPU_RESET),boot:0x13 (SPI_FAST_FLASH_BOOT)
configsip: 0, SPIWP:0xee
clk_drv:0x00,q_drv:0x00,d_drv:0x00,cs0_drv:0x00,hd_drv:0x00,wp_drv:0x00
mode:DIO, clock div:2
load:0x3fff0030,len:6280
load:0x40078000,len:15864
load:0x40080400,len:3920
entry 0x40080644
[0;32mI (27) boot: ESP-IDF v5.5.3 2nd stage bootloader[0m
[0;32mI (27) boot: compile time May 21 2026 16:01:36[0m
[0;32mI (27) boot: Multicore bootloader[0m
[0;32mI (29) boot: chip revision: v3.1[0m
[0;32mI (31) boot.esp32: SPI Speed      : 40MHz[0m
[0;32mI (35) boot.esp32: SPI Mode       : DIO[0m
[0;32mI (39) boot.esp32: SPI Flash Size : 4MB[0m
[0;32mI (42) boot: Enabling RNG early entropy source...[0m
[0;32mI (47) boot: Partition Table:[0m
[0;32mI (49) boot: ## Label            Usage          Type ST Offset   Length[0m
[0;32mI (56) boot:  0 nvs              WiFi data        01 02 00009000 00006000[0m
[0;32mI (62) boot:  1 phy_init         RF data          01 01 0000f000 00001000[0m
[0;32mI (69) boot:  2 factory          factory app      00 00 00010000 00100000[0m
[0;32mI (75) boot: End of partition table[0m
[0;32mI (79) esp_image: segment 0: paddr=00010020 vaddr=3f400020 size=09e80h ( 40576) map[0m
[0;32mI (100) esp_image: segment 1: paddr=00019ea8 vaddr=3ffb0000 size=0275ch ( 10076) load[0m
[0;32mI (104) esp_image: segment 2: paddr=0001c60c vaddr=40080000 size=03a0ch ( 14860) load[0m
[0;32mI (110) esp_image: segment 3: paddr=00020020 vaddr=400d0020 size=16ab4h ( 92852) map[0m
[0;32mI (143) esp_image: segment 4: paddr=00036adc vaddr=40083a0c size=0a694h ( 42644) load[0m
[0;32mI (160) esp_image: segment 5: paddr=00041178 vaddr=50000000 size=00020h (    32) load[0m
[0;32mI (167) boot: Loaded app from partition at offset 0x10000[0m
[0;32mI (167) boot: Disabling RNG early entropy source...[0m
[0;32mI (178) cpu_start: Multicore app[0m
[0;32mI (186) cpu_start: GPIO 3 and 1 are used as console UART I/O pins[0m
[0;32mI (187) cpu_start: Pro cpu start user code[0m
[0;32mI (187) cpu_start: cpu freq: 160000000 Hz[0m
[0;32mI (188) app_init: Application information:[0m
[0;32mI (192) app_init: Project name:     esp32_KDI[0m
[0;32mI (196) app_init: App version:      429a8c2-dirty[0m
[0;32mI (201) app_init: Compile time:     May 21 2026 16:01:33[0m
[0;32mI (206) app_init: ELF file SHA256:  80f2da00f...[0m
[0;32mI (210) app_init: ESP-IDF:          v5.5.3[0m
[0;32mI (214) efuse_init: Min chip rev:     v0.0[0m
[0;32mI (218) efuse_init: Max chip rev:     v3.99 [0m
[0;32mI (222) efuse_init: Chip rev:         v3.1[0m
[0;32mI (226) heap_init: Initializing. RAM available for dynamic allocation:[0m
[0;32mI (232) heap_init: At 3FFAE6E0 len 00001920 (6 KiB): DRAM[0m
[0;32mI (237) heap_init: At 3FFB32C8 len 0002CD38 (179 KiB): DRAM[0m
[0;32mI (242) heap_init: At 3FFE0440 len 00003AE0 (14 KiB): D/IRAM[0m
[0;32mI (248) heap_init: At 3FFE4350 len 0001BCB0 (111 KiB): D/IRAM[0m
[0;32mI (253) heap_init: At 4008E0A0 len 00011F60 (71 KiB): IRAM[0m
[0;32mI (259) spi_flash: detected chip: generic[0m
[0;32mI (262) spi_flash: flash io: dio[0m
[0;32mI (266) main_task: Started on CPU0[0m
[0;32mI (276) main_task: Calling app_main()[0m
[0;32mI (276) MAIN: === CF-Drone ESP-IDF ===[0m
[0;32mI (276) MAIN: Initializing...[0m
[0;32mI (276) MOTORS: Initializing motors...[0m
[0;32mI (276) MOTORS:   Motor0 pin=GPIO12: OK[0m
[0;32mI (276) MOTORS:   Motor1 pin=GPIO13: OK[0m
[0;32mI (286) MOTORS:   Motor2 pin=GPIO15: OK[0m
[0;32mI (286) MOTORS:   Motor3 pin=GPIO14: OK[0m
[0;32mI (286) MOTORS: Motors initialized. PWM=25000Hz, bits=10[0m
[0;32mI (296) BATTERY: Battery ADC initialized on channel 0[0m
[0;33mW (296) IMU: IMU is STUB - no physical sensor connected.[0m
[0;33mW (306) IMU: Replace imu.c with your actual IMU driver.[0m
[1;31mE (316) uart: uart_driver_install(1939): uart rx buffer length error[0m
ESP_ERROR_CHECK failed: esp_err_t 0xffffffff (ESP_FAIL) at 0x400d7120
file: "./components/rc_sbus/rc_sbus.c" line 98
func: rc_sbus_init
expression: uart_driver_install(BOARD_RC_UART_NUM, SBUS_FRAME_LEN * 4, 0, 0, NULL, 0)

abort() was called at PC 0x40086013 on core 0


Backtrace: 0x400860b9:0x3ffb4460 0x40086081:0x3ffb4480 0x4008c2fd:0x3ffb44a0 0x40086013:0x3ffb4510 0x400d7120:0x3ffb4540 0x400d481f:0x3ffb4590 0x400e6181:0x3ffb45c0 0x40086c21:0x3ffb45f0




ELF file SHA256: 80f2da00f

Rebooting...
ets Jul 29 2019 12:21:46

rst:0xc (SW_CPU_RESET),boot:0x13 (SPI_FAST_FLASH_BOOT)
configsip: 0, SPIWP:0xee
clk_drv:0x00,q_drv:0x00,d_drv:0x00,cs0_drv:0x00,hd_drv:0x00,wp_drv:0x00
mode:DIO, clock div:2
load:0x3fff0030,len:6280
load:0x40078000,len:15864
load:0x40080400,len:3920
entry 0x40080644
[0;32mI (27) boot: ESP-IDF v5.5.3 2nd stage bootloader[0m
[0;32mI (27) boot: compile time May 21 2026 16:01:36[0m
[0;32mI (27) boot: Multicore bootloader[0m
[0;32mI (29) boot: chip revision: v3.1[0m
[0;32mI (31) boot.esp32: SPI Speed      : 40MHz[0m
[0;32mI (35) boot.esp32: SPI Mode       : DIO[0m
[0;32mI (39) boot.esp32: SPI Flash Size : 4MB[0m
[0;32mI (42) boot: Enabling RNG early entropy source...[0m
[0;32mI (47) boot: Partition Table:[0m
[0;32mI (49) boot: ## Label            Usage          Type ST Offset   Length[0m
[0;32mI (56) boot:  0 nvs              WiFi data        01 02 00009000 00006000[0m
[0;32mI (62) boot:  1 phy_init         RF data          01 01 0000f000 00001000[0m
[0;32mI (69) boot:  2 factory          factory app      00 00 00010000 00100000[0m
[0;32mI (75) boot: End of partition table[0m
[0;32mI (79) esp_image: segment 0: paddr=00010020 vaddr=3f400020 size=09e80h ( 40576) map[0m
[0;32mI (100) esp_image: segment 1: paddr=00019ea8 vaddr=3ffb0000 size=0275ch ( 10076) load[0m
[0;32mI (104) esp_image: segment 2: paddr=0001c60c vaddr=40080000 size=03a0ch ( 14860) load[0m
[0;32mI (110) esp_image: segment 3: paddr=00020020 vaddr=400d0020 size=16ab4h ( 92852) map[0m
[0;32mI (143) esp_image: segment 4: paddr=00036adc vaddr=40083a0c size=0a694h ( 42644) load[0m
[0;32mI (160) esp_image: segment 5: paddr=00041178 vaddr=50000000 size=00020h (    32) load[0m
[0;32mI (167) boot: Loaded app from partition at offset 0x10000[0m
[0;32mI (167) boot: Disabling RNG early entropy source...[0m
[0;32mI (178) cpu_start: Multicore app[0m
[0;32mI (186) cpu_start: GPIO 3 and 1 are used as console UART I/O pins[0m
[0;32mI (187) cpu_start: Pro cpu start user code[0m
[0;32mI (187) cpu_start: cpu freq: 160000000 Hz[0m
[0;32mI (188) app_init: Application information:[0m
[0;32mI (192) app_init: Project name:     esp32_KDI[0m
[0;32mI (196) app_init: App version:      429a8c2-dirty[0m
[0;32mI (201) app_init: Compile time:     May 21 2026 16:01:33[0m
[0;32mI (206) app_init: ELF file SHA256:  80f2da00f...[0m
[0;32mI (210) app_init: ESP-IDF:          v5.5.3[0m
[0;32mI (214) efuse_init: Min chip rev:     v0.0[0m
[0;32mI (218) efuse_init: Max chip rev:     v3.99 [0m
[0;32mI (222) efuse_init: Chip rev:         v3.1[0m
[0;32mI (226) heap_init: Initializing. RAM available for dynamic allocation:[0m
[0;32mI (232) heap_init: At 3FFAE6E0 len 00001920 (6 KiB): DRAM[0m
[0;32mI (237) heap_init: At 3FFB32C8 len 0002CD38 (179 KiB): DRAM[0m
[0;32mI (242) heap_init: At 3FFE0440 len 00003AE0 (14 KiB): D/IRAM[0m
[0;32mI (248) heap_init: At 3FFE4350 len 0001BCB0 (111 KiB): D/IRAM[0m
[0;32mI (253) heap_init: At 4008E0A0 len 00011F60 (71 KiB): IRAM[0m
[0;32mI (259) spi_flash: detected chip: generic[0m
[0;32mI (262) spi_flash: flash io: dio[0m
[0;32mI (266) main_task: Started on CPU0[0m
[0;32mI (276) main_task: Calling app_main()[0m
[0;32mI (276) MAIN: === CF-Drone ESP-IDF ===[0m
[0;32mI (276) MAIN: Initializing...[0m
[0;32mI (276) MOTORS: Initializing motors...[0m
[0;32mI (276) MOTORS:   Motor0 pin=GPIO12: OK[0m
[0;32mI (276) MOTORS:   Motor1 pin=GPIO13: OK[0m
[0;32mI (286) MOTORS:   Motor2 pin=GPIO15: OK[0m
[0;32mI (286) MOTORS:   Motor3 pin=GPIO14: OK[0m
[0;32mI (286) MOTORS: Motors initialized. PWM=25000Hz, bits=10[0m
[0;32mI (296) BATTERY: Battery ADC initialized on channel 0[0m
[0;33mW (296) IMU: IMU is STUB - no physical sensor connected.[0m
[0;33mW (306) IMU: Replace imu.c with your actual IMU driver.[0m
[1;31mE (316) uart: uart_driver_install(1939): uart rx buffer length error[0m
ESP_ERROR_CHECK failed: esp_err_t 0xffffffff (ESP_FAIL) at 0x400d7120
file: "./components/rc_sbus/rc_sbus.c" line 98
func: rc_sbus_init
expression: uart_driver_install(BOARD_RC_UART_NUM, SBUS_FRAME_LEN * 4, 0, 0, NULL, 0)

abort() was called at PC 0x40086013 on core 0


Backtrace: 0x400860b9:0x3ffb4460 0x40086081:0x3ffb4480 0x4008c2fd:0x3ffb44a0 0x40086013:0x3ffb4510 0x400d7120:0x3ffb4540 0x400d481f:0x3ffb4590 0x400e6181:0x3ffb45c0 0x40086c21:0x3ffb45f0




ELF file SHA256: 80f2da00f

Rebooting...
ets Jul 29 2019 12:21:46

rst:0xc (SW_CPU_RESET),boot:0x13 (SPI_FAST_FLASH_BOOT)
configsip: 0, SPIWP:0xee
clk_drv:0x00,q_drv:0x00,d_drv:0x00,cs0_drv:0x00,hd_drv:0x00,wp_drv:0x00
mode:DIO, clock div:2
load:0x3fff0030,len:6280
load:0x40078000,len:15864
load:0x40080400,len:3920
entry 0x40080644
[0;32mI (27) boot: ESP-IDF v5.5.3 2nd stage bootloader[0m
[0;32mI (27) boot: compile time May 21 2026 16:01:36[0m
[0;32mI (27) boot: Multicore bootloader[0m
[0;32mI (29) boot: chip revision: v3.1[0m
[0;32mI (31) boot.esp32: SPI Speed      : 40MHz[0m
[0;32mI (35) boot.esp32: SPI Mode       : DIO[0m
[0;32mI (39) boot.esp32: SPI Flash Size : 4MB[0m
[0;32mI (42) boot: Enabling RNG early entropy source...[0m
[0;32mI (47) boot: Partition Table:[0m
[0;32mI (49) boot: ## Label            Usage          Type ST Offset   Length[0m
[0;32mI (56) boot:  0 nvs              WiFi data        01 02 00009000 00006000[0m
[0;32mI (62) boot:  1 phy_init         RF data          01 01 0000f000 00001000[0m
[0;32mI (69) boot:  2 factory          factory app      00 00 00010000 00100000[0m
[0;32mI (75) boot: End of partition table[0m
[0;32mI (79) esp_image: segment 0: paddr=00010020 vaddr=3f400020 size=09e80h ( 40576) map[0m
[0;32mI (100) esp_image: segment 1: paddr=00019ea8 vaddr=3ffb0000 size=0275ch ( 10076) load[0m
[0;32mI (104) esp_image: segment 2: paddr=0001c60c vaddr=40080000 size=03a0ch ( 14860) load[0m
[0;32mI (110) esp_image: segment 3: paddr=00020020 vaddr=400d0020 size=16ab4h ( 92852) map[0m
[0;32mI (143) esp_image: segment 4: paddr=00036adc vaddr=40083a0c size=0a694h ( 42644) load[0m
[0;32mI (160) esp_image: segment 5: paddr=00041178 vaddr=50000000 size=00020h (    32) load[0m
[0;32mI (167) boot: Loaded app from partition at offset 0x10000[0m
[0;32mI (167) boot: Disabling RNG early entropy source...[0m
[0;32mI (178) cpu_start: Multicore app[0m
[0;32mI (186) cpu_start: GPIO 3 and 1 are used as console UART I/O pins[0m
[0;32mI (187) cpu_start: Pro cpu start user code[0m
[0;32mI (187) cpu_start: cpu freq: 160000000 Hz[0m
[0;32mI (188) app_init: Application information:[0m
[0;32mI (192) app_init: Project name:     esp32_KDI[0m
[0;32mI (196) app_init: App version:      429a8c2-dirty[0m
[0;32mI (201) app_init: Compile time:     May 21 2026 16:01:33[0m
[0;32mI (206) app_init: ELF file SHA256:  80f2da00f...[0m
[0;32mI (210) app_init: ESP-IDF:          v5.5.3[0m
[0;32mI (214) efuse_init: Min chip rev:     v0.0[0m
[0;32mI (218) efuse_init: Max chip rev:     v3.99 [0m
[0;32mI (222) efuse_init: Chip rev:         v3.1[0m
[0;32mI (226) heap_init: Initializing. RAM available for dynamic allocation:[0m
[0;32mI (232) heap_init: At 3FFAE6E0 len 00001920 (6 KiB): DRAM[0m
[0;32mI (237) heap_init: At 3FFB32C8 len 0002CD38 (179 KiB): DRAM[0m
[0;32mI (242) heap_init: At 3FFE0440 len 00003AE0 (14 KiB): D/IRAM[0m
[0;32mI (248) heap_init: At 3FFE4350 len 0001BCB0 (111 KiB): D/IRAM[0m
[0;32mI (253) heap_init: At 4008E0A0 len 00011F60 (71 KiB): IRAM[0m
[0;32mI (259) spi_flash: detected chip: generic[0m
[0;32mI (262) spi_flash: flash io: dio[0m
[0;32mI (266) main_task: Started on CPU0[0m
[0;32mI (276) main_task: Calling app_main()[0m
[0;32mI (276) MAIN: === CF-Drone ESP-IDF ===[0m
[0;32mI (276) MAIN: Initializing...[0m
[0;32mI (276) MOTORS: Initializing motors...[0m
[0;32mI (276) MOTORS:   Motor0 pin=GPIO12: OK[0m
[0;32mI (276) MOTORS:   Motor1 pin=GPIO13: OK[0m
[0;32mI (286) MOTORS:   Motor2 pin=GPIO15: OK[0m
[0;32mI (286) MOTORS:   Motor3 pin=GPIO14: OK[0m
[0;32mI (286) MOTORS: Motors initialized. PWM=25000Hz, bits=10[0m
[0;32mI (296) BATTERY: Battery ADC initialized on channel 0[0m
[0;33mW (296) IMU: IMU is STUB - no physical sensor connected.[0m
[0;33mW (306) IMU: Replace imu.c with your actual IMU driver.[0m
[1;31mE (316) uart: uart_driver_install(1939): uart rx buffer length error[0m
ESP_ERROR_CHECK failed: esp_err_t 0xffffffff (ESP_FAIL) at 0x400d7120
file: "./components/rc_sbus/rc_sbus.c" line 98
func: rc_sbus_init
expression: uart_driver_install(BOARD_RC_UART_NUM, SBUS_FRAME_LEN * 4, 0, 0, NULL, 0)

abort() was called at PC 0x40086013 on core 0


Backtrace: 0x400860b9:0x3ffb4460 0x40086081:0x3ffb4480 0x4008c2fd:0x3ffb44a0 0x40086013:0x3ffb4510 0x400d7120:0x3ffb4540 0x400d481f:0x3ffb4590 0x400e6181:0x3ffb45c0 0x40086c21:0x3ffb45f0




ELF file SHA256: 80f2da00f

Rebooting...
ets Jul 29 2019 12:21:46

rst:0xc (SW_CPU_RESET),boot:0x13 (SPI_FAST_FLASH_BOOT)
configsip: 0, SPIWP:0xee
clk_drv:0x00,q_drv:0x00,d_drv:0x00,cs0_drv:0x00,hd_drv:0x00,wp_drv:0x00
mode:DIO, clock div:2
load:0x3fff0030,len:6280
load:0x40078000,len:15864
load:0x40080400,len:3920
entry 0x40080644
[0;32mI (27) boot: ESP-IDF v5.5.3 2nd stage bootloader[0m
[0;32mI (27) boot: compile time May 21 2026 16:01:36[0m
[0;32mI (27) boot: Multicore bootloader[0m
[0;32mI (29) boot: chip revision: v3.1[0m
[0;32mI (31) boot.esp32: SPI Speed      : 40MHz[0m
[0;32mI (35) boot.esp32: SPI Mode       : DIO[0m
[0;32mI (39) boot.esp32: SPI Flash Size : 4MB[0m
[0;32mI (42) boot: Enabling RNG early entropy source...[0m
[0;32mI (47) boot: Partition Table:[0m
[0;32mI (49) boot: ## Label            Usage          Type ST Offset   Length[0m
[0;32mI (56) boot:  0 nvs              WiFi data        01 02 00009000 00006000[0m
[0;32mI (62) boot:  1 phy_init         RF data          01 01 0000f000 00001000[0m
[0;32mI (69) boot:  2 factory          factory app      00 00 00010000 00100000[0m
[0;32mI (75) boot: End of partition table[0m
[0;32mI (79) esp_image: segment 0: paddr=00010020 vaddr=3f400020 size=09e80h ( 40576) map[0m
[0;32mI (100) esp_image: segment 1: paddr=00019ea8 vaddr=3ffb0000 size=0275ch ( 10076) load[0m
[0;32mI (104) esp_image: segment 2: paddr=0001c60c vaddr=40080000 size=03a0ch ( 14860) load[0m
[0;32mI (110) esp_image: segment 3: paddr=00020020 vaddr=400d0020 size=16ab4h ( 92852) map[0m
[0;32mI (143) esp_image: segment 4: paddr=00036adc vaddr=40083a0c size=0a694h ( 42644) load[0m
[0;32mI (160) esp_image: segment 5: paddr=00041178 vaddr=50000000 size=00020h (    32) load[0m
[0;32mI (167) boot: Loaded app from partition at offset 0x10000[0m
[0;32mI (167) boot: Disabling RNG early entropy source...[0m
[0;32mI (178) cpu_start: Multicore app[0m
[0;32mI (186) cpu_start: GPIO 3 and 1 are used as console UART I/O pins[0m
[0;32mI (187) cpu_start: Pro cpu start user code[0m
[0;32mI (187) cpu_start: cpu freq: 160000000 Hz[0m
[0;32mI (188) app_init: Application information:[0m
[0;32mI (192) app_init: Project name:     esp32_KDI[0m
[0;32mI (196) app_init: App version:      429a8c2-dirty[0m
[0;32mI (201) app_init: Compile time:     May 21 2026 16:01:33[0m
[0;32mI (206) app_init: ELF file SHA256:  80f2da00f...[0m
[0;32mI (210) app_init: ESP-IDF:          v5.5.3[0m
[0;32mI (214) efuse_init: Min chip rev:     v0.0[0m
[0;32mI (218) efuse_init: Max chip rev:     v3.99 [0m
[0;32mI (222) efuse_init: Chip rev:         v3.1[0m
[0;32mI (226) heap_init: Initializing. RAM available for dynamic allocation:[0m
[0;32mI (232) heap_init: At 3FFAE6E0 len 00001920 (6 KiB): DRAM[0m
[0;32mI (237) heap_init: At 3FFB32C8 len 0002CD38 (179 KiB): DRAM[0m
[0;32mI (242) heap_init: At 3FFE0440 len 00003AE0 (14 KiB): D/IRAM[0m
[0;32mI (248) heap_init: At 3FFE4350 len 0001BCB0 (111 KiB): D/IRAM[0m
[0;32mI (253) heap_init: At 4008E0A0 len 00011F60 (71 KiB): IRAM[0m
[0;32mI (259) spi_flash: detected chip: generic[0m
[0;32mI (262) spi_flash: flash io: dio[0m
[0;32mI (266) main_task: Started on CPU0[0m
[0;32mI (276) main_task: Calling app_main()[0m
[0;32mI (276) MAIN: === CF-Drone ESP-IDF ===[0m
[0;32mI (276) MAIN: Initializing...[0m
[0;32mI (276) MOTORS: Initializing motors...[0m
[0;32mI (276) MOTORS:   Motor0 pin=GPIO12: OK[0m
[0;32mI (276) MOTORS:   Motor1 pin=GPIO13: OK[0m
[0;32mI (286) MOTORS:   Motor2 pin=GPIO15: OK[0m
[0;32mI (286) MOTORS:   Motor3 pin=GPIO14: OK[0m
[0;32mI (286) MOTORS: Motors initialized. PWM=25000Hz, bits=10[0m
[0;32mI (296) BATTERY: Battery ADC initialized on channel 0[0m
[0;33mW (296) IMU: IMU is STUB - no physical sensor connected.[0m
[0;33mW (306) IMU: Replace imu.c with your actual IMU driver.[0m
[1;31mE (316) uart: uart_driver_install(1939): uart rx buffer length error[0m
ESP_ERROR_CHECK failed: esp_err_t 0xffffffff (ESP_FAIL) at 0x400d7120
file: "./components/rc_sbus/rc_sbus.c" line 98
func: rc_sbus_init
expression: uart_driver_install(BOARD_RC_UART_NUM, SBUS_FRAME_LEN * 4, 0, 0, NULL, 0)

abort() was called at PC 0x40086013 on core 0


Backtrace: 0x400860b9:0x3ffb4460 0x40086081:0x3ffb4480 0x4008c2fd:0x3ffb44a0 0x40086013:0x3ffb4510 0x400d7120:0x3ffb4540 0x400d481f:0x3ffb4590 0x400e6181:0x3ffb45c0 0x40086c21:0x3ffb45f0




ELF file SHA256: 80f2da00f

Rebooting...
ets Jul 29 2019 12:21:46

rst:0xc (SW_CPU_RESET),boot:0x13 (SPI_FAST_FLASH_BOOT)
configsip: 0, SPIWP:0xee
clk_drv:0x00,q_drv:0x00,d_drv:0x00,cs0_drv:0x00,hd_drv:0x00,wp_drv:0x00
mode:DIO, clock div:2
load:0x3fff0030,len:6280
load:0x40078000,len:15864
load:0x40080400,len:3920
entry 0x40080644
[0;32mI (27) boot: ESP-IDF v5.5.3 2nd stage bootloader[0m
[0;32mI (27) boot: compile time May 21 2026 16:01:36[0m
[0;32mI (27) boot: Multicore bootloader[0m
[0;32mI (29) boot: chip revision: v3.1[0m
[0;32mI (31) boot.esp32: SPI Speed      : 40MHz[0m
[0;32mI (35) boot.esp32: SPI Mode       : DIO[0m
[0;32mI (39) boot.esp32: SPI Flash Size : 4MB[0m
[0;32mI (42) boot: Enabling RNG early entropy source...[0m
[0;32mI (47) boot: Partition Table:[0m
[0;32mI (49) boot: ## Label            Usage          Type ST Offset   Length[0m
[0;32mI (56) boot:  0 nvs              WiFi data        01 02 00009000 00006000[0m
[0;32mI (62) boot:  1 phy_init         RF data          01 01 0000f000 00001000[0m
[0;32mI (69) boot:  2 factory          factory app      00 00 00010000 00100000[0m
[0;32mI (75) boot: End of partition table[0m
[0;32mI (79) esp_image: segment 0: paddr=00010020 vaddr=3f400020 size=09e80h ( 40576) map[0m
[0;32mI (100) esp_image: segment 1: paddr=00019ea8 vaddr=3ffb0000 size=0275ch ( 10076) load[0m
[0;32mI (104) esp_image: segment 2: paddr=0001c60c vaddr=40080000 size=03a0ch ( 14860) load[0m
[0;32mI (110) esp_image: segment 3: paddr=00020020 vaddr=400d0020 size=16ab4h ( 92852) map[0m
[0;32mI (143) esp_image: segment 4: paddr=00036adc vaddr=40083a0c size=0a694h ( 42644) load[0m
[0;32mI (160) esp_image: segment 5: paddr=00041178 vaddr=50000000 size=00020h (    32) load[0m
[0;32mI (167) boot: Loaded app from partition at offset 0x10000[0m
[0;32mI (167) boot: Disabling RNG early entropy source...[0m
[0;32mI (178) cpu_start: Multicore app[0m
[0;32mI (186) cpu_start: GPIO 3 and 1 are used as console UART I/O pins[0m
[0;32mI (187) cpu_start: Pro cpu start user code[0m
[0;32mI (187) cpu_start: cpu freq: 160000000 Hz[0m
[0;32mI (188) app_init: Application information:[0m
[0;32mI (192) app_init: Project name:     esp32_KDI[0m
[0;32mI (196) app_init: App version:      429a8c2-dirty[0m
[0;32mI (201) app_init: Compile time:     May 21 2026 16:01:33[0m
[0;32mI (206) app_init: ELF file SHA256:  80f2da00f...[0m
[0;32mI (210) app_init: ESP-IDF:          v5.5.3[0m
[0;32mI (214) efuse_init: Min chip rev:     v0.0[0m
[0;32mI (218) efuse_init: Max chip rev:     v3.99 [0m
[0;32mI (222) efuse_init: Chip rev:         v3.1[0m
[0;32mI (226) heap_init: Initializing. RAM available for dynamic allocation:[0m
[0;32mI (232) heap_init: At 3FFAE6E0 len 00001920 (6 KiB): DRAM[0m
[0;32mI (237) heap_init: At 3FFB32C8 len 0002CD38 (179 KiB): DRAM[0m
[0;32mI (242) heap_init: At 3FFE0440 len 00003AE0 (14 KiB): D/IRAM[0m
[0;32mI (248) heap_init: At 3FFE4350 len 0001BCB0 (111 KiB): D/IRAM[0m
[0;32mI (253) heap_init: At 4008E0A0 len 00011F60 (71 KiB): IRAM[0m
[0;32mI (259) spi_flash: detected chip: generic[0m
[0;32mI (262) spi_flash: flash io: dio[0m
[0;32mI (266) main_task: Started on CPU0[0m
[0;32mI (276) main_task: Calling app_main()[0m
[0;32mI (276) MAIN: === CF-Drone ESP-IDF ===[0m
[0;32mI (276) MAIN: Initializing...[0m
[0;32mI (276) MOTORS: Initializing motors...[0m
[0;32mI (276) MOTORS:   Motor0 pin=GPIO12: OK[0m
[0;32mI (276) MOTORS:   Motor1 pin=GPIO13: OK[0m
[0;32mI (286) MOTORS:   Motor2 pin=GPIO15: OK[0m
[0;32mI (286) MOTORS:   Motor3 pin=GPIO14: OK[0m
[0;32mI (286) MOTORS: Motors initialized. PWM=25000Hz, bits=10[0m
[0;32mI (296) BATTERY: Battery ADC initialized on channel 0[0m
[0;33mW (296) IMU: IMU is STUB - no physical sensor connected.[0m
[0;33mW (306) IMU: Replace imu.c with your actual IMU driver.[0m
[1;31mE (316) uart: uart_driver_install(1939): uart rx buffer length error[0m
ESP_ERROR_CHECK failed: esp_err_t 0xffffffff (ESP_FAIL) at 0x400d7120
file: "./components/rc_sbus/rc_sbus.c" line 98
func: rc_sbus_init
expression: uart_driver_install(BOARD_RC_UART_NUM, SBUS_FRAME_LEN * 4, 0, 0, NULL, 0)

abort() was called at PC 0x40086013 on core 0


Backtrace: 0x400860b9:0x3ffb4460 0x40086081:0x3ffb4480 0x4008c2fd:0x3ffb44a0 0x40086013:0x3ffb4510 0x400d7120:0x3ffb4540 0x400d481f:0x3ffb4590 0x400e6181:0x3ffb45c0 0x40086c21:0x3ffb45f0




ELF file SHA256: 80f2da00f

Rebooting...
ets Jul 29 2019 12:21:46

rst:0xc (SW_CPU_RESET),boot:0x13 (SPI_FAST_FLASH_BOOT)
configsip: 0, SPIWP:0xee
clk_drv:0x00,q_drv:0x00,d_drv:0x00,cs0_drv:0x00,hd_drv:0x00,wp_drv:0x00
mode:DIO, clock div:2
load:0x3fff0030,len:6280
load:0x40078000,len:15864
load:0x40080400,len:3920
entry 0x40080644
[0;32mI (27) boot: ESP-IDF v5.5.3 2nd stage bootloader[0m
[0;32mI (27) boot: compile time May 21 2026 16:01:36[0m
[0;32mI (27) boot: Multicore bootloader[0m
[0;32mI (29) boot: chip revision: v3.1[0m
[0;32mI (31) boot.esp32: SPI Speed      : 40MHz[0m
[0;32mI (35) boot.esp32: SPI Mode       : DIO[0m
[0;32mI (39) boot.esp32: SPI Flash Size : 4MB[0m
[0;32mI (42) boot: Enabling RNG early entropy source...[0m
[0;32mI (47) boot: Partition Table:[0m
[0;32mI (49) boot: ## Label            Usage          Type ST Offset   Length[0m
[0;32mI (56) boot:  0 nvs              WiFi data        01 02 00009000 00006000[0m
[0;32mI (62) boot:  1 phy_init         RF data          01 01 0000f000 00001000[0m
[0;32mI (69) boot:  2 factory          factory app      00 00 00010000 00100000[0m
[0;32mI (75) boot: End of partition table[0m
[0;32mI (79) esp_image: segment 0: paddr=00010020 vaddr=3f400020 size=09e80h ( 40576) map[0m
[0;32mI (100) esp_image: segment 1: paddr=00019ea8 vaddr=3ffb0000 size=0275ch ( 10076) load[0m
[0;32mI (104) esp_image: segment 2: paddr=0001c60c vaddr=40080000 size=03a0ch ( 14860) load[0m
[0;32mI (110) esp_image: segment 3: paddr=00020020 vaddr=400d0020 size=16ab4h ( 92852) map[0m
[0;32mI (143) esp_image: segment 4: paddr=00036adc vaddr=40083a0c size=0a694h ( 42644) load[0m
[0;32mI (160) esp_image: segment 5: paddr=00041178 vaddr=50000000 size=00020h (    32) load[0m
[0;32mI (167) boot: Loaded app from partition at offset 0x10000[0m
[0;32mI (167) boot: Disabling RNG early entropy source...[0m
[0;32mI (178) cpu_start: Multicore app[0m
[0;32mI (186) cpu_start: GPIO 3 and 1 are used as console UART I/O pins[0m
[0;32mI (187) cpu_start: Pro cpu start user code[0m
[0;32mI (187) cpu_start: cpu freq: 160000000 Hz[0m
[0;32mI (188) app_init: Application information:[0m
[0;32mI (192) app_init: Project name:     esp32_KDI[0m
[0;32mI (196) app_init: App version:      429a8c2-dirty[0m
[0;32mI (201) app_init: Compile time:     May 21 2026 16:01:33[0m
[0;32mI (206) app_init: ELF file SHA256:  80f2da00f...[0m
[0;32mI (210) app_init: ESP-IDF:          v5.5.3[0m
[0;32mI (214) efuse_init: Min chip rev:     v0.0[0m
[0;32mI (218) efuse_init: Max chip rev:     v3.99 [0m
[0;32mI (222) efuse_init: Chip rev:         v3.1[0m
[0;32mI (226) heap_init: Initializing. RAM available for dynamic allocation:[0m
[0;32mI (232) heap_init: At 3FFAE6E0 len 00001920 (6 KiB): DRAM[0m
[0;32mI (237) heap_init: At 3FFB32C8 len 0002CD38 (179 KiB): DRAM[0m
[0;32mI (242) heap_init: At 3FFE0440 len 00003AE0 (14 KiB): D/IRAM[0m
[0;32mI (248) heap_init: At 3FFE4350 len 0001BCB0 (111 KiB): D/IRAM[0m
[0;32mI (253) heap_init: At 4008E0A0 len 00011F60 (71 KiB): IRAM[0m
[0;32mI (259) spi_flash: detected chip: generic[0m
[0;32mI (262) spi_flash: flash io: dio[0m
[0;32mI (266) main_task: Started on CPU0[0m
[0;32mI (276) main_task: Calling app_main()[0m
[0;32mI (276) MAIN: === CF-Drone ESP-IDF ===[0m
[0;32mI (276) MAIN: Initializing...[0m
[0;32mI (276) MOTORS: Initializing motors...[0m
[0;32mI (276) MOTORS:   Motor0 pin=GPIO12: OK[0m
[0;32mI (276) MOTORS:   Motor1 pin=GPIO13: OK[0m
[0;32mI (286) MOTORS:   Motor2 pin=GPIO15: OK[0m
[0;32mI (286) MOTORS:   Motor3 pin=GPIO14: OK[0m
[0;32mI (286) MOTORS: Motors initialized. PWM=25000Hz, bits=10[0m
[0;32mI (296) BATTERY: Battery ADC initialized on channel 0[0m
[0;33mW (296) IMU: IMU is STUB - no physical sensor connected.[0m
[0;33mW (306) IMU: Replace imu.c with your actual IMU driver.[0m
[1;31mE (316) uart: uart_driver_install(1939): uart rx buffer length error[0m
ESP_ERROR_CHECK failed: esp_err_t 0xffffffff (ESP_FAIL) at 0x400d7120
file: "./components/rc_sbus/rc_sbus.c" line 98
func: rc_sbus_init
expression: uart_driver_install(BOARD_RC_UART_NUM, SBUS_FRAME_LEN * 4, 0, 0, NULL, 0)

abort() was called at PC 0x40086013 on core 0


Backtrace: 0x400860b9:0x3ffb4460 0x40086081:0x3ffb4480 0x4008c2fd:0x3ffb44a0 0x40086013:0x3ffb4510 0x400d7120:0x3ffb4540 0x400d481f:0x3ffb4590 0x400e6181:0x3ffb45c0 0x40086c21:0x3ffb45f0




ELF file SHA256: 80f2da00f

Rebooting...
ets Jul 29 2019 12:21:46

rst:0xc (SW_CPU_RESET),boot:0x13 (SPI_FAST_FLASH_BOOT)
configsip: 0, SPIWP:0xee
clk_drv:0x00,q_drv:0x00,d_drv:0x00,cs0_drv:0x00,hd_drv:0x00,wp_drv:0x00
mode:DIO, clock div:2
load:0x3fff0030,len:6280
load:0x40078000,len:15864
load:0x40080400,len:3920
entry 0x40080644
[0;32mI (27) boot: ESP-IDF v5.5.3 2nd stage bootloader[0m
[0;32mI (27) boot: compile time May 21 2026 16:01:36[0m
[0;32mI (27) boot: Multicore bootloader[0m
[0;32mI (29) boot: chip revision: v3.1[0m
[0;32mI (31) boot.esp32: SPI Speed      : 40MHz[0m
[0;32mI (35) boot.esp32: SPI Mode       : DIO[0m
[0;32mI (39) boot.esp32: SPI Flash Size : 4MB[0m
[0;32mI (42) boot: Enabling RNG early entropy source...[0m
[0;32mI (47) boot: Partition Table:[0m
[0;32mI (49) boot: ## Label            Usage          Type ST Offset   Length[0m
[0;32mI (56) boot:  0 nvs              WiFi data        01 02 00009000 00006000[0m
[0;32mI (62) boot:  1 phy_init         RF data          01 01 0000f000 00001000[0m
[0;32mI (69) boot:  2 factory          factory app      00 00 00010000 00100000[0m
[0;32mI (75) boot: End of partition table[0m
[0;32mI (79) esp_image: segment 0: paddr=00010020 vaddr=3f400020 size=09e80h ( 40576) map[0m
[0;32mI (100) esp_image: segment 1: paddr=00019ea8 vaddr=3ffb0000 size=0275ch ( 10076) load[0m
[0;32mI (104) esp_image: segment 2: paddr=0001c60c vaddr=40080000 size=03a0ch ( 14860) load[0m
[0;32mI (110) esp_image: segment 3: paddr=00020020 vaddr=400d0020 size=16ab4h ( 92852) map[0m
[0;32mI (143) esp_image: segment 4: paddr=00036adc vaddr=40083a0c size=0a694h ( 42644) load[0m
[0;32mI (160) esp_image: segment 5: paddr=00041178 vaddr=50000000 size=00020h (    32) load[0m
[0;32mI (167) boot: Loaded app from partition at offset 0x10000[0m
[0;32mI (167) boot: Disabling RNG early entropy source...[0m
[0;32mI (178) cpu_start: Multicore app[0m
[0;32mI (186) cpu_start: GPIO 3 and 1 are used as console UART I/O pins[0m
[0;32mI (187) cpu_start: Pro cpu start user code[0m
[0;32mI (187) cpu_start: cpu freq: 160000000 Hz[0m
[0;32mI (188) app_init: Application information:[0m
[0;32mI (192) app_init: Project name:     esp32_KDI[0m
[0;32mI (196) app_init: App version:      429a8c2-dirty[0m
[0;32mI (201) app_init: Compile time:     May 21 2026 16:01:33[0m
[0;32mI (206) app_init: ELF file SHA256:  80f2da00f...[0m
[0;32mI (210) app_init: ESP-IDF:          v5.5.3[0m
[0;32mI (214) efuse_init: Min chip rev:     v0.0[0m
[0;32mI (218) efuse_init: Max chip rev:     v3.99 [0m
[0;32mI (222) efuse_init: Chip rev:         v3.1[0m
[0;32mI (226) heap_init: Initializing. RAM available for dynamic allocation:[0m
[0;32mI (232) heap_init: At 3FFAE6E0 len 00001920 (6 KiB): DRAM[0m
[0;32mI (237) heap_init: At 3FFB32C8 len 0002CD38 (179 KiB): DRAM[0m
[0;32mI (242) heap_init: At 3FFE0440 len 00003AE0 (14 KiB): D/IRAM[0m
[0;32mI (248) heap_init: At 3FFE4350 len 0001BCB0 (111 KiB): D/IRAM[0m
[0;32mI (253) heap_init: At 4008E0A0 len 00011F60 (71 KiB): IRAM[0m
[0;32mI (259) spi_flash: detected chip: generic[0m
[0;32mI (262) spi_flash: flash io: dio[0m
[0;32mI (266) main_task: Started on CPU0[0m
[0;32mI (276) main_task: Calling app_main()[0m
[0;32mI (276) MAIN: === CF-Drone ESP-IDF ===[0m
[0;32mI (276) MAIN: Initializing...[0m
[0;32mI (276) MOTORS: Initializing motors...[0m
[0;32mI (276) MOTORS:   Motor0 pin=GPIO12: OK[0m
[0;32mI (276) MOTORS:   Motor1 pin=GPIO13: OK[0m
[0;32mI (286) MOTORS:   Motor2 pin=GPIO15: OK[0m
[0;32mI (286) MOTORS:   Motor3 pin=GPIO14: OK[0m
[0;32mI (286) MOTORS: Motors initialized. PWM=25000Hz, bits=10[0m
[0;32mI (296) BATTERY: Battery ADC initialized on channel 0[0m
[0;33mW (296) IMU: IMU is STUB - no physical sensor connected.[0m
[0;33mW (306) IMU: Replace imu.c with your actual IMU driver.[0m
[1;31mE (316) uart: uart_driver_install(1939): uart rx buffer length error[0m
ESP_ERROR_CHECK failed: esp_err_t 0xffffffff (ESP_FAIL) at 0x400d7120
file: "./components/rc_sbus/rc_sbus.c" line 98
func: rc_sbus_init
expression: uart_driver_install(BOARD_RC_UART_NUM, SBUS_FRAME_LEN * 4, 0, 0, NULL, 0)

abort() was called at PC 0x40086013 on core 0


Backtrace: 0x400860b9:0x3ffb4460 0x40086081:0x3ffb4480 0x4008c2fd:0x3ffb44a0 0x40086013:0x3ffb4510 0x400d7120:0x3ffb4540 0x400d481f:0x3ffb4590 0x400e6181:0x3ffb45c0 0x40086c21:0x3ffb45f0




ELF file SHA256: 80f2da00f

Rebooting...
ets Jul 29 2019 12:21:46

rst:0xc (SW_CPU_RESET),boot:0x13 (SPI_FAST_FLASH_BOOT)
configsip: 0, SPIWP:0xee
clk_drv:0x00,q_drv:0x00,d_drv:0x00,cs0_drv:0x00,hd_drv:0x00,wp_drv:0x00
mode:DIO, clock div:2
load:0x3fff0030,len:6280
load:0x40078000,len:15864
load:0x40080400,len:3920
entry 0x40080644
[0;32mI (27) boot: ESP-IDF v5.5.3 2nd stage bootloader[0m
[0;32mI (27) boot: compile time May 21 2026 16:01:36[0m
[0;32mI (27) boot: Multicore bootloader[0m
[0;32mI (29) boot: chip revision: v3.1[0m
[0;32mI (31) boot.esp32: SPI Speed      : 40MHz[0m
[0;32mI (35) boot.esp32: SPI Mode       : DIO[0m
[0;32mI (39) boot.esp32: SPI Flash Size : 4MB[0m
[0;32mI (42) boot: Enabling RNG early entropy source...[0m
[0;32mI (47) boot: Partition Table:[0m
[0;32mI (49) boot: ## Label            Usage          Type ST Offset   Length[0m
[0;32mI (56) boot:  0 nvs              WiFi data        01 02 00009000 00006000[0m
[0;32mI (62) boot:  1 phy_init         RF data          01 01 0000f000 00001000[0m
[0;32mI (69) boot:  2 factory          factory app      00 00 00010000 00100000[0m
[0;32mI (75) boot: End of partition table[0m
[0;32mI (79) esp_image: segment 0: paddr=00010020 vaddr=3f400020 size=09e80h ( 40576) map[0m
[0;32mI (100) esp_image: segment 1: paddr=00019ea8 vaddr=3ffb0000 size=0275ch ( 10076) load[0m
[0;32mI (104) esp_image: segment 2: paddr=0001c60c vaddr=40080000 size=03a0ch ( 14860) load[0m
[0;32mI (110) esp_image: segment 3: paddr=00020020 vaddr=400d0020 size=16ab4h ( 92852) map[0m
[0;32mI (143) esp_image: segment 4: paddr=00036adc vaddr=40083a0c size=0a694h ( 42644) load[0m
[0;32mI (160) esp_image: segment 5: paddr=00041178 vaddr=50000000 size=00020h (    32) load[0m
[0;32mI (167) boot: Loaded app from partition at offset 0x10000[0m
[0;32mI (167) boot: Disabling RNG early entropy source...[0m
[0;32mI (178) cpu_start: Multicore app[0m
[0;32mI (186) cpu_start: GPIO 3 and 1 are used as console UART I/O pins[0m
[0;32mI (187) cpu_start: Pro cpu start user code[0m
[0;32mI (187) cpu_start: cpu freq: 160000000 Hz[0m
[0;32mI (188) app_init: Application information:[0m
[0;32mI (192) app_init: Project name:     esp32_KDI[0m
[0;32mI (196) app_init: App version:      429a8c2-dirty[0m
[0;32mI (201) app_init: Compile time:     May 21 2026 16:01:33[0m
[0;32mI (206) app_init: ELF file SHA256:  80f2da00f...[0m
[0;32mI (210) app_init: ESP-IDF:          v5.5.3[0m
[0;32mI (214) efuse_init: Min chip rev:     v0.0[0m
[0;32mI (218) efuse_init: Max chip rev:     v3.99 [0m
[0;32mI (222) efuse_init: Chip rev:         v3.1[0m
[0;32mI (226) heap_init: Initializing. RAM available for dynamic allocation:[0m
[0;32mI (232) heap_init: At 3FFAE6E0 len 00001920 (6 KiB): DRAM[0m
[0;32mI (237) heap_init: At 3FFB32C8 len 0002CD38 (179 KiB): DRAM[0m
[0;32mI (242) heap_init: At 3FFE0440 len 00003AE0 (14 KiB): D/IRAM[0m
[0;32mI (248) heap_init: At 3FFE4350 len 0001BCB0 (111 KiB): D/IRAM[0m
[0;32mI (253) heap_init: At 4008E0A0 len 00011F60 (71 KiB): IRAM[0m
[0;32mI (259) spi_flash: detected chip: generic[0m
[0;32mI (262) spi_flash: flash io: dio[0m
[0;32mI (266) main_task: Started on CPU0[0m
[0;32mI (276) main_task: Calling app_main()[0m
[0;32mI (276) MAIN: === CF-Drone ESP-IDF ===[0m
[0;32mI (276) MAIN: Initializing...[0m
[0;32mI (276) MOTORS: Initializing motors...[0m
[0;32mI (276) MOTORS:   Motor0 pin=GPIO12: OK[0m
[0;32mI (276) MOTORS:   Motor1 pin=GPIO13: OK[0m
[0;32mI (286) MOTORS:   Motor2 pin=GPIO15: OK[0m
[0;32mI (286) MOTORS:   Motor3 pin=GPIO14: OK[0m
[0;32mI (286) MOTORS: Motors initialized. PWM=25000Hz, bits=10[0m
[0;32mI (296) BATTERY: Battery ADC initialized on channel 0[0m
[0;33mW (296) IMU: IMU is STUB - no physical sensor connected.[0m
[0;33mW (306) IMU: Replace imu.c with your actual IMU driver.[0m
[1;31mE (316) uart: uart_driver_install(1939): uart rx buffer length error[0m
ESP_ERROR_CHECK failed: esp_err_t 0xffffffff (ESP_FAIL) at 0x400d7120
file: "./components/rc_sbus/rc_sbus.c" line 98
func: rc_sbus_init
expression: uart_driver_install(BOARD_RC_UART_NUM, SBUS_FRAME_LEN * 4, 0, 0, NULL, 0)

abort() was called at PC 0x40086013 on core 0


Backtrace: 0x400860b9:0x3ffb4460 0x40086081:0x3ffb4480 0x4008c2fd:0x3ffb44a0 0x40086013:0x3ffb4510 0x400d7120:0x3ffb4540 0x400d481f:0x3ffb4590 0x400e6181:0x3ffb45c0 0x40086c21:0x3ffb45f0




ELF file SHA256: 80f2da00f

Rebooting...
ets Jul 29 2019 12:21:46

rst:0xc (SW_CPU_RESET),boot:0x13 (SPI_FAST_FLASH_BOOT)
configsip: 0, SPIWP:0xee
clk_drv:0x00,q_drv:0x00,d_drv:0x00,cs0_drv:0x00,hd_drv:0x00,wp_drv:0x00
mode:DIO, clock div:2
load:0x3fff0030,len:6280
load:0x40078000,len:15864
load:0x40080400,len:3920
entry 0x40080644
[0;32mI (27) boot: ESP-IDF v5.5.3 2nd stage bootloader[0m
[0;32mI (27) boot: compile time May 21 2026 16:01:36[0m
[0;32mI (27) boot: Multicore bootloader[0m
[0;32mI (29) boot: chip revision: v3.1[0m
[0;32mI (31) boot.esp32: SPI Speed      : 40MHz[0m
[0;32mI (35) boot.esp32: SPI Mode       : DIO[0m
[0;32mI (39) boot.esp32: SPI Flash Size : 4MB[0m
[0;32mI (42) boot: Enabling RNG early entropy source...[0m
[0;32mI (47) boot: Partition Table:[0m
[0;32mI (49) boot: ## Label            Usage          Type ST Offset   Length[0m
[0;32mI (56) boot:  0 nvs              WiFi data        01 02 00009000 00006000[0m
[0;32mI (62) boot:  1 phy_init         RF data          01 01 0000f000 00001000[0m
[0;32mI (69) boot:  2 factory          factory app      00 00 00010000 00100000[0m
[0;32mI (75) boot: End of partition table[0m
[0;32mI (79) esp_image: segment 0: paddr=00010020 vaddr=3f400020 size=09e80h ( 40576) map[0m
[0;32mI (100) esp_image: segment 1: paddr=00019ea8 vaddr=3ffb0000 size=0275ch ( 10076) load[0m
[0;32mI (104) esp_image: segment 2: paddr=0001c60c vaddr=40080000 size=03a0ch ( 14860) load[0m
[0;32mI (110) esp_image: segment 3: paddr=00020020 vaddr=400d0020 size=16ab4h ( 92852) map[0m
[0;32mI (143) esp_image: segment 4: paddr=00036adc vaddr=40083a0c size=0a694h ( 42644) load[0m
[0;32mI (160) esp_image: segment 5: paddr=00041178 vaddr=50000000 size=00020h (    32) load[0m
[0;32mI (167) boot: Loaded app from partition at offset 0x10000[0m
[0;32mI (167) boot: Disabling RNG early entropy source...[0m
[0;32mI (178) cpu_start: Multicore app[0m
[0;32mI (186) cpu_start: GPIO 3 and 1 are used as console UART I/O pins[0m
[0;32mI (187) cpu_start: Pro cpu start user code[0m
[0;32mI (187) cpu_start: cpu freq: 160000000 Hz[0m
[0;32mI (188) app_init: Application information:[0m
[0;32mI (192) app_init: Project name:     esp32_KDI[0m
[0;32mI (196) app_init: App version:      429a8c2-dirty[0m
[0;32mI (201) app_init: Compile time:     May 21 2026 16:01:33[0m
[0;32mI (206) app_init: ELF file SHA256:  80f2da00f...[0m
[0;32mI (210) app_init: ESP-IDF:          v5.5.3[0m
[0;32mI (214) efuse_init: Min chip rev:     v0.0[0m
[0;32mI (218) efuse_init: Max chip rev:     v3.99 [0m
[0;32mI (222) efuse_init: Chip rev:         v3.1[0m
[0;32mI (226) heap_init: Initializing. RAM available for dynamic allocation:[0m
[0;32mI (232) heap_init: At 3FFAE6E0 len 00001920 (6 KiB): DRAM[0m
[0;32mI (237) heap_init: At 3FFB32C8 len 0002CD38 (179 KiB): DRAM[0m
[0;32mI (242) heap_init: At 3FFE0440 len 00003AE0 (14 KiB): D/IRAM[0m
[0;32mI (248) heap_init: At 3FFE4350 len 0001BCB0 (111 KiB): D/IRAM[0m
[0;32mI (253) heap_init: At 4008E0A0 len 00011F60 (71 KiB): IRAM[0m
[0;32mI (259) spi_flash: detected chip: generic[0m
[0;32mI (262) spi_flash: flash io: dio[0m
[0;32mI (266) main_task: Started on CPU0[0m
[0;32mI (276) main_task: Calling app_main()[0m
[0;32mI (276) MAIN: === CF-Drone ESP-IDF ===[0m
[0;32mI (276) MAIN: Initializing...[0m
[0;32mI (276) MOTORS: Initializing motors...[0m
[0;32mI (276) MOTORS:   Motor0 pin=GPIO12: OK[0m
[0;32mI (276) MOTORS:   Motor1 pin=GPIO13: OK[0m
[0;32mI (286) MOTORS:   Motor2 pin=GPIO15: OK[0m
[0;32mI (286) MOTORS:   Motor3 pin=GPIO14: OK[0m
[0;32mI (286) MOTORS: Motors initialized. PWM=25000Hz, bits=10[0m
[0;32mI (296) BATTERY: Battery ADC initialized on channel 0[0m
[0;33mW (296) IMU: IMU is STUB - no physical sensor connected.[0m
[0;33mW (306) IMU: Replace imu.c with your actual IMU driver.[0m
[1;31mE (316) uart: uart_driver_install(1939): uart rx buffer length error[0m
ESP_ERROR_CHECK failed: esp_err_t 0xffffffff (ESP_FAIL) at 0x400d7120
file: "./components/rc_sbus/rc_sbus.c" line 98
func: rc_sbus_init
expression: uart_driver_install(BOARD_RC_UART_NUM, SBUS_FRAME_LEN * 4, 0, 0, NULL, 0)

abort() was called at PC 0x40086013 on core 0


Backtrace: 0x400860b9:0x3ffb4460 0x40086081:0x3ffb4480 0x4008c2fd:0x3ffb44a0 0x40086013:0x3ffb4510 0x400d7120:0x3ffb4540 0x400d481f:0x3ffb4590 0x400e6181:0x3ffb45c0 0x40086c21:0x3ffb45f0




ELF file SHA256: 80f2da00f

Rebooting...
ets Jul 29 2019 12:21:46

rst:0xc (SW_CPU_RESET),boot:0x13 (SPI_FAST_FLASH_BOOT)
configsip: 0, SPIWP:0xee
clk_drv:0x00,q_drv:0x00,d_drv:0x00,cs0_drv:0x00,hd_drv:0x00,wp_drv:0x00
mode:DIO, clock div:2
load:0x3fff0030,len:6280
load:0x40078000,len:15864
load:0x40080400,len:3920
entry 0x40080644
[0;32mI (27) boot: ESP-IDF v5.5.3 2nd stage bootloader[0m
