Command: /home/toan/.espressif/python_env/idf5.5_py3.10_env/bin/python /home/toan/dev/tools/esp/esp-idf/tools/idf_monitor.py -p /dev/ttyUSB0 -b 115200 --toolchain-prefix xtensa-esp32-elf- --target esp32 --revision 0 /home/toan/dev/workspaces/esp/esp32_KDI/build/esp32_KDI.elf /home/toan/dev/workspaces/esp/esp32_KDI/build/bootloader/bootloader.elf -m '/home/toan/.espressif/python_env/idf5.5_py3.10_env/bin/python' '/home/toan/dev/tools/esp/esp-idf/tools/idf.py' '-p' '/dev/ttyUSB0'
x�8}���ets Jul 29 2019 12:21:46

rst:0x1 (POWERON_RESET),boot:0x13 (SPI_FAST_FLASH_BOOT)
configsip: 0, SPIWP:0xee
clk_drv:0x00,q_drv:0x00,d_drv:0x00,cs0_drv:0x00,hd_drv:0x00,wp_drv:0x00
mode:DIO, clock div:2
load:0x3fff0030,len:6280
load:0x40078000,len:15864
load:0x40080400,len:3920
entry 0x40080644
[0;32mI (27) boot: ESP-IDF v5.5.3 2nd stage bootloader[0m
[0;32mI (27) boot: compile time May 20 2026 16:53:39[0m
[0;32mI (28) boot: Multicore bootloader[0m
[0;32mI (29) boot: chip revision: v3.1[0m
[0;32mI (32) boot.esp32: SPI Speed      : 40MHz[0m
[0;32mI (35) boot.esp32: SPI Mode       : DIO[0m
[0;32mI (39) boot.esp32: SPI Flash Size : 4MB[0m
[0;32mI (42) boot: Enabling RNG early entropy source...[0m
[0;32mI (47) boot: Partition Table:[0m
[0;32mI (49) boot: ## Label            Usage          Type ST Offset   Length[0m
[0;32mI (56) boot:  0 nvs              WiFi data        01 02 00009000 00006000[0m
[0;32mI (62) boot:  1 phy_init         RF data          01 01 0000f000 00001000[0m
[0;32mI (69) boot:  2 factory          factory app      00 00 00010000 00100000[0m
[0;32mI (75) boot: End of partition table[0m
[0;32mI (79) esp_image: segment 0: paddr=00010020 vaddr=3f400020 size=08674h ( 34420) map[0m
[0;32mI (98) esp_image: segment 1: paddr=0001869c vaddr=3ffb0000 size=02694h (  9876) load[0m
[0;32mI (102) esp_image: segment 2: paddr=0001ad38 vaddr=40080000 size=052e0h ( 21216) load[0m
[0;32mI (112) esp_image: segment 3: paddr=00020020 vaddr=400d0020 size=114f4h ( 70900) map[0m
[0;32mI (136) esp_image: segment 4: paddr=0003151c vaddr=400852e0 size=08d2ch ( 36140) load[0m
[0;32mI (150) esp_image: segment 5: paddr=0003a250 vaddr=50000000 size=00020h (    32) load[0m
[0;32mI (158) boot: Loaded app from partition at offset 0x10000[0m
[0;32mI (158) boot: Disabling RNG early entropy source...[0m
[0;32mI (168) cpu_start: Multicore app[0m
[0;32mI (177) cpu_start: GPIO 3 and 1 are used as console UART I/O pins[0m
[0;32mI (177) cpu_start: Pro cpu start user code[0m
[0;32mI (177) cpu_start: cpu freq: 160000000 Hz[0m
[0;32mI (179) app_init: Application information:[0m
[0;32mI (183) app_init: Project name:     esp32_KDI[0m
[0;32mI (187) app_init: App version:      1[0m
[0;32mI (190) app_init: Compile time:     May 21 2026 11:56:16[0m
[0;32mI (195) app_init: ELF file SHA256:  025ec09ae...[0m
[0;32mI (200) app_init: ESP-IDF:          v5.5.3[0m
[0;32mI (203) efuse_init: Min chip rev:     v0.0[0m
[0;32mI (207) efuse_init: Max chip rev:     v3.99 [0m
[0;32mI (211) efuse_init: Chip rev:         v3.1[0m
[0;32mI (215) heap_init: Initializing. RAM available for dynamic allocation:[0m
[0;32mI (221) heap_init: At 3FFAE6E0 len 00001920 (6 KiB): DRAM[0m
[0;32mI (226) heap_init: At 3FFB2F08 len 0002D0F8 (180 KiB): DRAM[0m
[0;32mI (232) heap_init: At 3FFE0440 len 00003AE0 (14 KiB): D/IRAM[0m
[0;32mI (237) heap_init: At 3FFE4350 len 0001BCB0 (111 KiB): D/IRAM[0m
[0;32mI (243) heap_init: At 4008E00C len 00011FF4 (71 KiB): IRAM[0m
[0;32mI (249) spi_flash: detected chip: generic[0m
[0;32mI (251) spi_flash: flash io: dio[0m
[0;33mW (254) i2c: This driver is an old driver, please migrate your application code to adapt `driver/i2c_master.h`[0m
[0;32mI (265) main_task: Started on CPU0[0m
[0;32mI (275) main_task: Calling app_main()[0m
[0;32mI (275) VL53L1X: Initializing I2C Master[0m
[0;32mI (275) VL53L1X: I2C initialized successfully[0m
[0;32mI (275) VL53L1X: Waiting for device to boot...[0m
[1;31mE (275) VL53L1X: Failed to boot VL53L1X: -13[0m
[0;32mI (285) main_task: Returned from app_main()[0m
